<html>
<body>
<pre>
<h1>礦ision Build Log</h1>
<h2>Tool Versions:</h2>
IDE-Version: μVision V5.39.0.0
Copyright (C) 2023 ARM Ltd and ARM Germany GmbH. All rights reserved.
License Information: 钉宫 樱酱, 钉宫樱酱, LIC=2WS7Z-3SY9B-6SZYR-YU7YS-UGX93-RU7MU
 
Tool Versions:
Toolchain:       MDK-ARM Community  Version: 5.39.0.0
Toolchain Path:  D:\Keil_v5\ARM\ARMCC\Bin
C Compiler:      Armcc.exe V5.06 update 7 (build 960)
Assembler:       Armasm.exe V5.06 update 7 (build 960)
Linker/Locator:  ArmLink.exe V5.06 update 7 (build 960)
Library Manager: ArmAr.exe V5.06 update 7 (build 960)
Hex Converter:   FromElf.exe V5.06 update 7 (build 960)
CPU DLL:         SARMCM3.DLL V5.39.0.0
Dialog DLL:      DCM.DLL V1.17.5.0
Target DLL:      STLink\ST-LINKIII-KEIL_SWO.dll V3.2.0.0
Dialog DLL:      TCM.DLL V1.56.4.0
 
<h2>Project:</h2>
D:\data\STM32\GZ03810\LoRa_master\project\LoRa.uvprojx
Project File Date:  03/12/2024

<h2>Output:</h2>
*** Using Compiler 'V5.06 update 7 (build 960)', folder: 'D:\Keil_v5\ARM\ARMCC\Bin'
Rebuild target 'LoRa-module'
compiling configs.c...
compiling adc-board.c...
compiling misc.c...
compiling uart_receiver.c...
compiling timer_handles.c...
compiling adc_reader.c...
compiling key_scaner.c...
compiling tim-board.c...
compiling gpio-board.c...
compiling led_light.c...
compiling spi-board.c...
compiling main.c...
..\source\apps\main.c(19): warning:  #1295-D: Deprecated declaration menu1 - give arg types
  void menu1();    // 模式1
..\source\apps\main.c(20): warning:  #1295-D: Deprecated declaration menu2 - give arg types
  void menu2();    // 模式2
..\source\apps\main.c(21): warning:  #1295-D: Deprecated declaration menu3 - give arg types
  void menu3();    // 模式3
..\source\apps\main.c(22): warning:  #1295-D: Deprecated declaration menu4 - give arg types
  void menu4();    // 模式4
..\source\apps\main.c(23): warning:  #1295-D: Deprecated declaration sendMode - give arg types
  void sendMode(); // 发送模式
..\source\apps\main.c(37): warning:  #223-D: function "NS_RadioInit" declared implicitly
    NS_RadioInit(433000000, 10, 1000, 1000); // 初始化无线通信
..\source\apps\main.c(40): warning:  #223-D: function "hal_temHumInit" declared implicitly
    hal_temHumInit(); // 初始化温湿度 (温湿度必须)
..\source\apps\main.c(146): warning:  #223-D: function "call_sht11" declared implicitly
    call_sht11(&temp, &hum);                      // 获取温湿度数据
..\source\apps\main.c: 8 warnings, 0 errors
compiling sx1276-board.c...
assembling startup_stm32l151xb.s...
compiling NS_Radio.c...
compiling board.c...
compiling rtc-board.c...
compiling stm32l1xx_hal_dma.c...
compiling stm32l1xx_hal_pwr_ex.c...
compiling stm32l1xx_hal_pwr.c...
compiling uart-board.c...
compiling stm32l1xx_hal_flash_ramfunc.c...
compiling stm32l1xx_hal_cortex.c...
compiling stm32l1xx_hal.c...
compiling stm32l1xx_hal_flash_ex.c...
compiling stm32l1xx_hal_gpio.c...
compiling stm32l1xx_hal_adc.c...
compiling system_stm32l1xx.c...
compiling stm32l1xx_hal_iwdg.c...
compiling stm32l1xx_hal_flash.c...
compiling stm32l1xx_hal_adc_ex.c...
compiling usart1-board.c...
compiling stm32l1xx_hal_i2c.c...
compiling stm32l1xx_hal_spi.c...
compiling hal_key.c...
compiling stm32l1xx_hal_tim_ex.c...
compiling stm32l1xx_hal_rcc_ex.c...
compiling stm32l1xx_hal_rtc.c...
compiling stm32l1xx_hal_spi_ex.c...
compiling sysIrqHandlers.c...
compiling stm32l1xx_hal_rtc_ex.c...
compiling stm32l1xx_hal_usart.c...
compiling stm32l1xx_hal_rcc.c...
compiling hal_it.c...
compiling fifo.c...
compiling stm32l1xx_hal_uart.c...
compiling hal_oled.c...
compiling utilities.c...
compiling stm32l1xx_hal_tim.c...
compiling hal_temHum.c...
compiling flash.c...
compiling adc.c...
compiling iwdg.c...
compiling delay.c...
compiling gpio.c...
compiling timer.c...
compiling uart.c...
compiling sx1276.c...
linking...
Program Size: Code=28968 RO-data=5556 RW-data=132 ZI-data=2660  
FromELF: creating hex file...
".\Objects\LoRa.axf" - 0 Error(s), 8 Warning(s).

<h2>Software Packages used:</h2>

Package Vendor: Keil
                http://www.keil.com/pack/Keil.STM32L1xx_DFP.1.4.1.pack
                Keil::STM32L1xx_DFP@1.4.1
                STMicroelectronics STM32L1 Series Device Support and Examples

<h2>Collection of Component include folders:</h2>
  D:/Arm/Packs/Keil/STM32L1xx_DFP/1.4.1/Drivers/CMSIS/Device/ST/STM32L1xx/Include

<h2>Collection of Component Files used:</h2>
Build Time Elapsed:  00:00:10
</pre>
</body>
</html>
