<html>
<body>
<pre>
<h1>礦ision Build Log</h1>
<h2>Tool Versions:</h2>
IDE-Version: μVision V5.39.0.0
Copyright (C) 2023 ARM Ltd and ARM Germany GmbH. All rights reserved.
License Information: 钉宫 樱酱
钉宫樱酱
User-based license: Keil MDK Community (non-commercial free of charge)
Valid until: Jun 1 2033. Cached until: Mar 28 2024
 
Tool Versions:
Toolchain:       Keil MDK Community (non-commercial free of charge  Version: 5.39.0.0
Toolchain Path:  D:\Keil_v5\ARM\ARMCC\Bin
C Compiler:      Armcc.exe V5.06 update 7 (build 960)
Assembler:       Armasm.exe V5.06 update 7 (build 960)
Linker/Locator:  ArmLink.exe V5.06 update 7 (build 960)
Library Manager: ArmAr.exe V5.06 update 7 (build 960)
Hex Converter:   FromElf.exe V5.06 update 7 (build 960)
CPU DLL:         SARMCM3.DLL V5.39.0.0
Dialog DLL:      DCM.DLL V1.17.5.0
Target DLL:      STLink\ST-LINKIII-KEIL_SWO.dll V3.2.0.0
Dialog DLL:      TCM.DLL V1.56.4.0
 
<h2>Project:</h2>
D:\data\STM32\GZ03810\LoRa_node\project\LoRa.uvprojx
Project File Date:  03/22/2024

<h2>Output:</h2>
*** Warning: The configured compiler version '5.06 update 7 (build 960)' does not support the selected User Based Licensing technology.
*** Using Compiler 'V5.06 update 7 (build 960)', folder: 'D:\Keil_v5\ARM\ARMCC\Bin'
Rebuild target 'LoRa-module'
compiling adc-board.c...
compiling spi-board.c...
compiling uart_receiver.c...
compiling key_scaner.c...
compiling adc_reader.c...
compiling timer_handles.c...
compiling NS_Radio.c...
compiling tim-board.c...
compiling configs.c...
compiling sx1276-board.c...
compiling misc.c...
compiling rtc-board.c...
compiling led_light.c...
compiling main.c...
..\source\apps\main.c(18): warning:  #1295-D: Deprecated declaration menu1 - give arg types
  void menu1();
..\source\apps\main.c(19): warning:  #1295-D: Deprecated declaration menu2 - give arg types
  void menu2();
..\source\apps\main.c(20): warning:  #1295-D: Deprecated declaration menu3 - give arg types
  void menu3();
..\source\apps\main.c(21): warning:  #1295-D: Deprecated declaration menu4 - give arg types
  void menu4();
..\source\apps\main.c(34): warning:  #223-D: function "NS_RadioInit" declared implicitly
    NS_RadioInit(433000000, 10, 1000, 1000); // 初始化无线通信
..\source\apps\main.c(47): warning:  #223-D: function "ReadRadioRxBuffer" declared implicitly
      if (ReadRadioRxBuffer(loraBuffer)) // 接收无线数据
..\source\apps\main.c(172): warning:  #1-D: last line of file ends without a newline
  }
..\source\apps\main.c: 7 warnings, 0 errors
compiling gpio-board.c...
compiling board.c...
assembling startup_stm32l151xb.s...
compiling stm32l1xx_hal.c...
compiling system_stm32l1xx.c...
compiling stm32l1xx_hal_flash_ramfunc.c...
compiling stm32l1xx_hal_adc_ex.c...
compiling stm32l1xx_hal_flash.c...
compiling stm32l1xx_hal_cortex.c...
compiling stm32l1xx_hal_iwdg.c...
compiling stm32l1xx_hal_adc.c...
compiling stm32l1xx_hal_pwr_ex.c...
compiling stm32l1xx_hal_dma.c...
compiling stm32l1xx_hal_gpio.c...
compiling uart-board.c...
compiling stm32l1xx_hal_flash_ex.c...
compiling stm32l1xx_hal_pwr.c...
compiling usart1-board.c...
compiling stm32l1xx_hal_i2c.c...
compiling stm32l1xx_hal_spi_ex.c...
compiling stm32l1xx_hal_tim_ex.c...
compiling stm32l1xx_hal_rcc_ex.c...
compiling hal_key.c...
compiling stm32l1xx_hal_rtc.c...
compiling stm32l1xx_hal_rtc_ex.c...
compiling utilities.c...
compiling fifo.c...
compiling stm32l1xx_hal_uart.c...
compiling hal_it.c...
compiling stm32l1xx_hal_spi.c...
compiling sysIrqHandlers.c...
compiling stm32l1xx_hal_tim.c...
compiling hal_oled.c...
compiling stm32l1xx_hal_rcc.c...
compiling stm32l1xx_hal_usart.c...
compiling hal_temHum.c...
compiling flash.c...
compiling delay.c...
compiling adc.c...
compiling sx1276.c...
compiling uart.c...
compiling gpio.c...
compiling iwdg.c...
compiling timer.c...
linking...
Program Size: Code=25008 RO-data=5692 RW-data=116 ZI-data=2588  
FromELF: creating hex file...
".\Objects\LoRa.axf" - 0 Error(s), 7 Warning(s).

<h2>Software Packages used:</h2>

Package Vendor: Keil
                http://www.keil.com/pack/Keil.STM32L1xx_DFP.1.4.1.pack
                Keil::STM32L1xx_DFP@1.4.1
                STMicroelectronics STM32L1 Series Device Support and Examples

<h2>Collection of Component include folders:</h2>
  D:/Arm/Packs/Keil/STM32L1xx_DFP/1.4.1/Drivers/CMSIS/Device/ST/STM32L1xx/Include

<h2>Collection of Component Files used:</h2>
Build Time Elapsed:  00:00:09
</pre>
</body>
</html>
