Component: ARM Compiler 5.06 update 7 (build 960) Tool: armlink [4d3601]

==============================================================================

Section Cross References

    main.o(i.Init) refers to board.o(i.BoardInitMcu) for BoardInitMcu
    main.o(i.Init) refers to board.o(i.BoardInitPeriph) for BoardInitPeriph
    main.o(i.Init) refers to hal_key.o(i.keys_init) for keys_init
    main.o(i.Init) refers to tim-board.o(i.setTimer2Callback) for setTimer2Callback
    main.o(i.Init) refers to tim-board.o(i.Tim2McuInit) for Tim2McuInit
    main.o(i.Init) refers to ns_radio.o(i.NS_RadioInit) for NS_RadioInit
    main.o(i.Init) refers to adc_reader.o(i.ADCS_Init) for ADCS_Init
    main.o(i.Init) refers to hal_temhum.o(i.hal_temHumInit) for hal_temHumInit
    main.o(i.Init) refers to hal_oled.o(i.OLED_Init) for OLED_Init
    main.o(i.Init) refers to hal_oled.o(i.OLED_Display_On) for OLED_Display_On
    main.o(i.Init) refers to timer_handles.o(i.Time2Handler) for Time2Handler
    main.o(i.main) refers to main.o(i.Init) for Init
    main.o(i.main) refers to main.o(i.menu1) for menu1
    main.o(i.main) refers to main.o(i.menu2) for menu2
    main.o(i.main) refers to main.o(i.menu3) for menu3
    main.o(i.main) refers to main.o(i.menu4) for menu4
    main.o(i.main) refers to delay.o(i.DelayMs) for DelayMs
    main.o(i.main) refers to main.o(.data) for .data
    main.o(i.menu1) refers to hal_oled.o(i.OLED_ShowString) for OLED_ShowString
    main.o(i.menu1) refers to hal_oled.o(i.OLED_ShowChar) for OLED_ShowChar
    main.o(i.menu1) refers to hal_key.o(i.isKey2Pressed) for isKey2Pressed
    main.o(i.menu1) refers to hal_key.o(i.resetKey2) for resetKey2
    main.o(i.menu1) refers to hal_key.o(i.isKey3Pressed) for isKey3Pressed
    main.o(i.menu1) refers to hal_key.o(i.resetKey3) for resetKey3
    main.o(i.menu1) refers to hal_key.o(i.isKey4Pressed) for isKey4Pressed
    main.o(i.menu1) refers to hal_oled.o(i.OLED_Clear) for OLED_Clear
    main.o(i.menu1) refers to hal_key.o(i.resetKey4) for resetKey4
    main.o(i.menu1) refers to main.o(i.sendMode) for sendMode
    main.o(i.menu1) refers to main.o(.data) for .data
    main.o(i.menu2) refers to adc_reader.o(i.AdcScanChannel) for AdcScanChannel
    main.o(i.menu2) refers to adc_reader.o(i.AdcReadCh0) for AdcReadCh0
    main.o(i.menu2) refers to f2d.o(.text) for __aeabi_f2d
    main.o(i.menu2) refers to dmul.o(.text) for __aeabi_dmul
    main.o(i.menu2) refers to d2f.o(.text) for __aeabi_d2f
    main.o(i.menu2) refers to hal_temhum.o(i.call_sht11) for call_sht11
    main.o(i.menu2) refers to printfa.o(i.__0sprintf) for __2sprintf
    main.o(i.menu2) refers to hal_oled.o(i.OLED_ShowString) for OLED_ShowString
    main.o(i.menu2) refers to gpio.o(i.GpioWrite) for GpioWrite
    main.o(i.menu2) refers to hal_key.o(i.isKey4Pressed) for isKey4Pressed
    main.o(i.menu2) refers to hal_oled.o(i.OLED_Clear) for OLED_Clear
    main.o(i.menu2) refers to hal_key.o(i.resetKey4) for resetKey4
    main.o(i.menu2) refers to sx1276.o(i.SX1276Send) for SX1276Send
    main.o(i.menu2) refers to board.o(.bss) for Led1
    main.o(i.menu2) refers to main.o(.data) for .data
    main.o(i.menu3) refers to hal_oled.o(i.OLED_ShowString) for OLED_ShowString
    main.o(i.menu3) refers to hal_key.o(i.isKey2Pressed) for isKey2Pressed
    main.o(i.menu3) refers to gpio.o(i.GpioWrite) for GpioWrite
    main.o(i.menu3) refers to hal_key.o(i.resetKey2) for resetKey2
    main.o(i.menu3) refers to hal_key.o(i.isKey3Pressed) for isKey3Pressed
    main.o(i.menu3) refers to hal_key.o(i.resetKey3) for resetKey3
    main.o(i.menu3) refers to hal_key.o(i.isKey4Pressed) for isKey4Pressed
    main.o(i.menu3) refers to hal_oled.o(i.OLED_Clear) for OLED_Clear
    main.o(i.menu3) refers to hal_key.o(i.resetKey4) for resetKey4
    main.o(i.menu3) refers to printfa.o(i.__0sprintf) for __2sprintf
    main.o(i.menu3) refers to sx1276.o(i.SX1276Send) for SX1276Send
    main.o(i.menu3) refers to main.o(.data) for .data
    main.o(i.menu3) refers to board.o(.bss) for Led1
    main.o(i.menu4) refers to hal_oled.o(i.OLED_ShowString) for OLED_ShowString
    main.o(i.menu4) refers to hal_oled.o(i.OLED_ShowCHinese) for OLED_ShowCHinese
    main.o(i.menu4) refers to hal_key.o(i.isKey4Pressed) for isKey4Pressed
    main.o(i.menu4) refers to hal_oled.o(i.OLED_Clear) for OLED_Clear
    main.o(i.menu4) refers to hal_key.o(i.resetKey4) for resetKey4
    main.o(i.menu4) refers to main.o(i.sendMode) for sendMode
    main.o(i.menu4) refers to main.o(.data) for .data
    main.o(i.sendMode) refers to printfa.o(i.__0sprintf) for __2sprintf
    main.o(i.sendMode) refers to sx1276.o(i.SX1276Send) for SX1276Send
    main.o(i.sendMode) refers to main.o(.data) for .data
    timer_handles.o(i.Time2Handler) refers to key_scaner.o(i.keyScanner) for keyScanner
    adc_reader.o(i.ADCS_Init) refers to adc.o(i.AdcInit) for AdcInit
    adc_reader.o(i.ADCS_Init) refers to adc_reader.o(.bss) for .bss
[...]
    .data                                    0x20000062   Section        2  hal_temhum.o(.data)
    _i2cAddress                              0x20000063   Data           1  hal_temhum.o(.data)
    .data                                    0x20000064   Section       16  sx1276.o(.data)
    RadioEvents                              0x20000064   Data           4  sx1276.o(.data)
    .data                                    0x20000074   Section        1  adc.o(.data)
    AdcInitialized                           0x20000074   Data           1  adc.o(.data)
    .data                                    0x20000078   Section        8  timer.o(.data)
    TimerListHead                            0x2000007c   Data           4  timer.o(.data)
    .data                                    0x20000080   Section        4  uart.o(.data)
    .bss                                     0x20000084   Section       24  adc_reader.o(.bss)
    .bss                                     0x2000009c   Section      283  ns_radio.o(.bss)
    RadioEvents                              0x2000009c   Data          28  ns_radio.o(.bss)
    LoRaBuffer                               0x200000b8   Data         255  ns_radio.o(.bss)
    .bss                                     0x200001b8   Section       84  adc-board.o(.bss)
    .bss                                     0x2000020c   Section       48  board.o(.bss)
    .bss                                     0x2000023c   Section       64  gpio-board.o(.bss)
    GpioIrq                                  0x2000023c   Data          64  gpio-board.o(.bss)
    .bss                                     0x2000027c   Section       52  rtc-board.o(.bss)
    .bss                                     0x200002b0   Section      168  tim-board.o(.bss)
    .bss                                     0x20000358   Section      276  usart1-board.o(.bss)
    Usart1Timer                              0x20000458   Data          20  usart1-board.o(.bss)
    .bss                                     0x2000046c   Section       48  hal_oled.o(.bss)
    .bss                                     0x2000049c   Section      588  sx1276.o(.bss)
    RxTxBuffer                               0x2000049c   Data         256  sx1276.o(.bss)
    STACK                                    0x200006e8   Section     1024  startup_stm32l151xb.o(STACK)

    Global Symbols

    Symbol Name                              Value     Ov Type        Size  Object(Section)

    BuildAttributes$$THM_ISAv4$P$D$K$B$S$PE$A:L22UL41UL21$X:L11$S22US41US21$IEEE1$IW$USESV6$~STKCKD$USESV7$~SHL$OTIME$ROPI$IEEEJ$EBA8$MICROLIB$REQ8$PRES8$EABIv2 0x00000000   Number         0  anon$$obj.o ABSOLUTE
    __ARM_use_no_argv                        0x00000000   Number         0  main.o ABSOLUTE
    __use_no_errno                           0x00000000   Number         0  useno.o ABSOLUTE
    __use_no_exception_handling              0x00000000   Number         0  useno.o ABSOLUTE
    __use_no_fp                              0x00000000   Number         0  useno.o ABSOLUTE
    __use_no_heap                            0x00000000   Number         0  useno.o ABSOLUTE
    __use_no_heap_region                     0x00000000   Number         0  useno.o ABSOLUTE
    __use_no_semihosting                     0x00000000   Number         0  useno.o ABSOLUTE
    __use_no_semihosting_swi                 0x00000000   Number         0  useno.o ABSOLUTE
    __use_no_signal_handling                 0x00000000   Number         0  useno.o ABSOLUTE
    _printf_a                                0x00000000   Number         0  stubs.o ABSOLUTE
    _printf_c                                0x00000000   Number         0  stubs.o ABSOLUTE
    _printf_charcount                        0x00000000   Number         0  stubs.o ABSOLUTE
    _printf_d                                0x00000000   Number         0  stubs.o ABSOLUTE
    _printf_e                                0x00000000   Number         0  stubs.o ABSOLUTE
    _printf_f                                0x00000000   Number         0  stubs.o ABSOLUTE
    _printf_flags                            0x00000000   Number         0  stubs.o ABSOLUTE
    _printf_fp_dec                           0x00000000   Number         0  stubs.o ABSOLUTE
    _printf_fp_hex                           0x00000000   Number         0  stubs.o ABSOLUTE
    _printf_g                                0x00000000   Number         0  stubs.o ABSOLUTE
    _printf_i                                0x00000000   Number         0  stubs.o ABSOLUTE
    _printf_int_dec                          0x00000000   Number         0  stubs.o ABSOLUTE
    _printf_l                                0x00000000   Number         0  stubs.o ABSOLUTE
    _printf_lc                               0x00000000   Number         0  stubs.o ABSOLUTE
    _printf_ll                               0x00000000   Number         0  stubs.o ABSOLUTE
    _printf_lld                              0x00000000   Number         0  stubs.o ABSOLUTE
    _printf_lli                              0x00000000   Number         0  stubs.o ABSOLUTE
    _printf_llo                              0x00000000   Number         0  stubs.o ABSOLUTE
    _printf_llu                              0x00000000   Number         0  stubs.o ABSOLUTE
    _printf_llx                              0x00000000   Number         0  stubs.o ABSOLUTE
    _printf_longlong_dec                     0x00000000   Number         0  stubs.o ABSOLUTE
    _printf_longlong_hex                     0x00000000   Number         0  stubs.o ABSOLUTE
    _printf_longlong_oct                     0x00000000   Number         0  stubs.o ABSOLUTE
    _printf_ls                               0x00000000   Number         0  stubs.o ABSOLUTE
    _printf_mbtowc                           0x00000000   Number         0  stubs.o ABSOLUTE
    _printf_n                                0x00000000   Number         0  stubs.o ABSOLUTE
    _printf_o                                0x00000000   Number         0  stubs.o ABSOLUTE
    _printf_p                                0x00000000   Number         0  stubs.o ABSOLUTE
    _printf_percent                          0x00000000   Number         0  stubs.o ABSOLUTE
    _printf_pre_padding                      0x00000000   Number         0  stubs.o ABSOLUTE
    _printf_return_value                     0x00000000   Number         0  stubs.o ABSOLUTE
    _printf_s                                0x00000000   Number         0  stubs.o ABSOLUTE
    _printf_sizespec                         0x00000000   Number         0  stubs.o ABSOLUTE
    _printf_str                              0x00000000   Number         0  stubs.o ABSOLUTE
    _printf_truncate_signed                  0x00000000   Number         0  stubs.o ABSOLUTE
    _printf_truncate_unsigned                0x00000000   Number         0  stubs.o ABSOLUTE
    _printf_u                                0x00000000   Number         0  stubs.o ABSOLUTE
    _printf_wc                               0x00000000   Number         0  stubs.o ABSOLUTE
    _printf_wctomb                           0x00000000   Number         0  stubs.o ABSOLUTE
    _printf_widthprec                        0x00000000   Number         0  stubs.o ABSOLUTE
    _printf_x                                0x00000000   Number         0  stubs.o ABSOLUTE
    __arm_fini_                               - Undefined Weak Reference
    __cpp_initialize__aeabi_                  - Undefined Weak Reference
    __cxa_finalize                            - Undefined Weak Reference
    __decompress                              - Undefined Weak Reference
    _clock_init                               - Undefined Weak Reference
    _microlib_exit                            - Undefined Weak Reference
    __Vectors_Size                           0x000000f4   Number         0  startup_stm32l151xb.o ABSOLUTE
    __Vectors                                0x08000000   Data           4  startup_stm32l151xb.o(RESET)
    __Vectors_End                            0x080000f4   Data           0  startup_stm32l151xb.o(RESET)
    __main                                   0x080000f5   Thumb Code     0  entry.o(.ARM.Collect$$$$00000000)
    _main_stk                                0x080000f5   Thumb Code     0  entry2.o(.ARM.Collect$$$$00000001)
    _main_scatterload                        0x080000f9   Thumb Code     0  entry5.o(.ARM.Collect$$$$00000004)
    __main_after_scatterload                 0x080000fd   Thumb Code     0  entry5.o(.ARM.Collect$$$$00000004)
    _main_clock                              0x080000fd   Thumb Code     0  entry7b.o(.ARM.Collect$$$$00000008)
    _main_cpp_init                           0x080000fd   Thumb Code     0  entry8b.o(.ARM.Collect$$$$0000000A)
    _main_init                               0x080000fd   Thumb Code     0  entry9a.o(.ARM.Collect$$$$0000000B)
    __rt_lib_shutdown_fini                   0x08000105   Thumb Code     0  entry12b.o(.ARM.Collect$$$$0000000E)
    __rt_final_cpp                           0x08000109   Thumb Code     0  entry10a.o(.ARM.Collect$$$$0000000F)
    __rt_final_exit                          0x08000109   Thumb Code     0  entry11a.o(.ARM.Collect$$$$00000011)
    Reset_Handler                            0x0800010d   Thumb Code     8  startup_stm32l151xb.o(.text)
    HardFault_Handler                        0x08000117   Thumb Code     2  startup_stm32l151xb.o(.text)
    SVC_Handler                              0x0800011f   Thumb Code     2  startup_stm32l151xb.o(.text)
    PendSV_Handler                           0x08000123   Thumb Code     2  startup_stm32l151xb.o(.text)
    ADC1_IRQHandler                          0x08000127   Thumb Code     0  startup_stm32l151xb.o(.text)
    COMP_IRQHandler                          0x08000127   Thumb Code     0  startup_stm32l151xb.o(.text)
    DAC_IRQHandler                           0x08000127   Thumb Code     0  startup_stm32l151xb.o(.text)
    DMA1_Channel1_IRQHandler                 0x08000127   Thumb Code     0  startup_stm32l151xb.o(.text)
    DMA1_Channel2_IRQHandler                 0x08000127   Thumb Code     0  startup_stm32l151xb.o(.text)
    DMA1_Channel3_IRQHandler                 0x08000127   Thumb Code     0  startup_stm32l151xb.o(.text)
    DMA1_Channel4_IRQHandler                 0x08000127   Thumb Code     0  startup_stm32l151xb.o(.text)
    DMA1_Channel5_IRQHandler                 0x08000127   Thumb Code     0  startup_stm32l151xb.o(.text)
    DMA1_Channel6_IRQHandler                 0x08000127   Thumb Code     0  startup_stm32l151xb.o(.text)
    DMA1_Channel7_IRQHandler                 0x08000127   Thumb Code     0  startup_stm32l151xb.o(.text)
    FLASH_IRQHandler                         0x08000127   Thumb Code     0  startup_stm32l151xb.o(.text)
    I2C1_ER_IRQHandler                       0x08000127   Thumb Code     0  startup_stm32l151xb.o(.text)
    I2C1_EV_IRQHandler                       0x08000127   Thumb Code     0  startup_stm32l151xb.o(.text)
    I2C2_ER_IRQHandler                       0x08000127   Thumb Code     0  startup_stm32l151xb.o(.text)
    I2C2_EV_IRQHandler                       0x08000127   Thumb Code     0  startup_stm32l151xb.o(.text)
    PVD_IRQHandler                           0x08000127   Thumb Code     0  startup_stm32l151xb.o(.text)
    RCC_IRQHandler                           0x08000127   Thumb Code     0  startup_stm32l151xb.o(.text)
    RTC_WKUP_IRQHandler                      0x08000127   Thumb Code     0  startup_stm32l151xb.o(.text)
    SPI1_IRQHandler                          0x08000127   Thumb Code     0  startup_stm32l151xb.o(.text)
    SPI2_IRQHandler                          0x08000127   Thumb Code     0  startup_stm32l151xb.o(.text)
    TAMPER_STAMP_IRQHandler                  0x08000127   Thumb Code     0  startup_stm32l151xb.o(.text)
    TIM10_IRQHandler                         0x08000127   Thumb Code     0  startup_stm32l151xb.o(.text)
    TIM11_IRQHandler                         0x08000127   Thumb Code     0  startup_stm32l151xb.o(.text)
    TIM6_IRQHandler                          0x08000127   Thumb Code     0  startup_stm32l151xb.o(.text)
    TIM7_IRQHandler                          0x08000127   Thumb Code     0  startup_stm32l151xb.o(.text)
    TIM9_IRQHandler                          0x08000127   Thumb Code     0  startup_stm32l151xb.o(.text)
    USART2_IRQHandler                        0x08000127   Thumb Code     0  startup_stm32l151xb.o(.text)
    USART3_IRQHandler                        0x08000127   Thumb Code     0  startup_stm32l151xb.o(.text)
    USB_FS_WKUP_IRQHandler                   0x08000127   Thumb Code     0  startup_stm32l151xb.o(.text)
    USB_HP_IRQHandler                        0x08000127   Thumb Code     0  startup_stm32l151xb.o(.text)
    USB_LP_IRQHandler                        0x08000127   Thumb Code     0  startup_stm32l151xb.o(.text)
    WWDG_IRQHandler                          0x08000127   Thumb Code     0  startup_stm32l151xb.o(.text)
    __aeabi_memcpy                           0x08000131   Thumb Code    36  memcpya.o(.text)
    __aeabi_memcpy4                          0x08000131   Thumb Code     0  memcpya.o(.text)
    __aeabi_memcpy8                          0x08000131   Thumb Code     0  memcpya.o(.text)
    __aeabi_memset                           0x08000155   Thumb Code    14  memseta.o(.text)
    __aeabi_memset4                          0x08000155   Thumb Code     0  memseta.o(.text)
    __aeabi_memset8                          0x08000155   Thumb Code     0  memseta.o(.text)
    __aeabi_memclr                           0x08000163   Thumb Code     4  memseta.o(.text)
    __aeabi_memclr4                          0x08000163   Thumb Code     0  memseta.o(.text)
    __aeabi_memclr8                          0x08000163   Thumb Code     0  memseta.o(.text)
    _memset$wrapper                          0x08000167   Thumb Code    18  memseta.o(.text)
    __aeabi_fadd                             0x08000179   Thumb Code   164  fadd.o(.text)
    __aeabi_fsub                             0x0800021d   Thumb Code     6  fadd.o(.text)
    __aeabi_frsub                            0x08000223   Thumb Code     6  fadd.o(.text)
    __aeabi_fmul                             0x08000229   Thumb Code   100  fmul.o(.text)
    __aeabi_fdiv                             0x0800028d   Thumb Code   124  fdiv.o(.text)
    __aeabi_dadd                             0x08000309   Thumb Code   322  dadd.o(.text)
    __aeabi_dsub                             0x0800044b   Thumb Code     6  dadd.o(.text)
    __aeabi_drsub                            0x08000451   Thumb Code     6  dadd.o(.text)
    __aeabi_dmul                             0x08000457   Thumb Code   228  dmul.o(.text)
    __aeabi_ddiv                             0x0800053b   Thumb Code   222  ddiv.o(.text)
    __ARM_scalbn                             0x08000619   Thumb Code    46  dscalb.o(.text)
    scalbn                                   0x08000619   Thumb Code     0  dscalb.o(.text)
    __aeabi_ui2f                             0x08000647   Thumb Code    10  ffltui.o(.text)
    __aeabi_i2d                              0x08000651   Thumb Code    34  dflti.o(.text)
    __aeabi_ui2d                             0x08000673   Thumb Code    26  dfltui.o(.text)
    __aeabi_d2iz                             0x0800068d   Thumb Code    62  dfixi.o(.text)
    __aeabi_d2uiz                            0x080006cb   Thumb Code    50  dfixui.o(.text)
    __aeabi_f2d                              0x080006fd   Thumb Code    38  f2d.o(.text)
    __aeabi_cdcmpeq                          0x08000725   Thumb Code     0  cdcmple.o(.text)
    __aeabi_cdcmple                          0x08000725   Thumb Code    48  cdcmple.o(.text)
    __aeabi_cdrcmple                         0x08000755   Thumb Code    48  cdrcmple.o(.text)
    __aeabi_d2f                              0x08000785   Thumb Code    56  d2f.o(.text)
    __aeabi_uidiv                            0x080007bd   Thumb Code     0  uidiv.o(.text)
    __aeabi_uidivmod                         0x080007bd   Thumb Code    44  uidiv.o(.text)
    __aeabi_uldivmod                         0x080007e9   Thumb Code    98  uldiv.o(.text)
    __aeabi_llsl                             0x0800084b   Thumb Code    30  llshl.o(.text)
    _ll_shift_l                              0x0800084b   Thumb Code     0  llshl.o(.text)
    __aeabi_llsr                             0x08000869   Thumb Code    32  llushr.o(.text)
    _ll_ushift_r                             0x08000869   Thumb Code     0  llushr.o(.text)
    __aeabi_lasr                             0x08000889   Thumb Code    36  llsshr.o(.text)
    _ll_sshift_r                             0x08000889   Thumb Code     0  llsshr.o(.text)
    __I$use$fp                               0x080008ad   Thumb Code     0  iusefp.o(.text)
    _float_round                             0x080008ad   Thumb Code    18  fepilogue.o(.text)
    _float_epilogue                          0x080008bf   Thumb Code    92  fepilogue.o(.text)
    _double_round                            0x0800091b   Thumb Code    30  depilogue.o(.text)
    _double_epilogue                         0x08000939   Thumb Code   156  depilogue.o(.text)
    _drnd                                    0x080009d5   Thumb Code   132  drnd.o(.text)
    __aeabi_d2ulz                            0x08000a5d   Thumb Code    48  dfixul.o(.text)
    __scatterload                            0x08000a8d   Thumb Code    28  init.o(.text)
    __scatterload_rt2                        0x08000a8d   Thumb Code     0  init.o(.text)
    ADCS_Init                                0x08000ab1   Thumb Code    24  adc_reader.o(i.ADCS_Init)
    ADC_ConversionStop_Disable               0x08000acd   Thumb Code    76  stm32l1xx_hal_adc.o(i.ADC_ConversionStop_Disable)
    ADC_Enable                               0x08000b19   Thumb Code   108  stm32l1xx_hal_adc.o(i.ADC_Enable)
    AdcInit                                  0x08000b8d   Thumb Code    28  adc.o(i.AdcInit)
    AdcMcuConfig                             0x08000bad   Thumb Code    40  adc-board.o(i.AdcMcuConfig)
    AdcMcuInit                               0x08000bd9   Thumb Code    60  adc-board.o(i.AdcMcuInit)
    AdcMcuReadChannel                        0x08000c21   Thumb Code   214  adc-board.o(i.AdcMcuReadChannel)
    AdcReadCh0                               0x08000d05   Thumb Code     6  adc_reader.o(i.AdcReadCh0)
    AdcReadChannel                           0x08000d11   Thumb Code    14  adc.o(i.AdcReadChannel)
    AdcScanChannel                           0x08000d25   Thumb Code    90  adc_reader.o(i.AdcScanChannel)
    BlockLowPowerDuringTask                  0x08000d8d   Thumb Code    16  rtc-board.o(i.BlockLowPowerDuringTask)
    BoardDisableIrq                          0x08000da1   Thumb Code    12  board.o(i.BoardDisableIrq)
    BoardEnableIrq                           0x08000db1   Thumb Code    18  board.o(i.BoardEnableIrq)
    BoardInitMcu                             0x08000dc9   Thumb Code   112  board.o(i.BoardInitMcu)
    BoardInitPeriph                          0x08000e41   Thumb Code    90  board.o(i.BoardInitPeriph)
    BusFault_Handler                         0x08000ea1   Thumb Code     2  sysirqhandlers.o(i.BusFault_Handler)
    DebugMon_Handler                         0x08000ea3   Thumb Code     2  sysirqhandlers.o(i.DebugMon_Handler)
    DelayMicroSeconds                        0x08000ea5   Thumb Code    20  hal_temhum.o(i.DelayMicroSeconds)
    DelayMs                                  0x08000eb9   Thumb Code     4  delay.o(i.DelayMs)
    EXTI0_IRQHandler                         0x08000ebd   Thumb Code    16  gpio-board.o(i.EXTI0_IRQHandler)
    EXTI15_10_IRQHandler                     0x08000ecd   Thumb Code    58  gpio-board.o(i.EXTI15_10_IRQHandler)
    EXTI1_IRQHandler                         0x08000f07   Thumb Code    16  gpio-board.o(i.EXTI1_IRQHandler)
    EXTI2_IRQHandler                         0x08000f17   Thumb Code    16  gpio-board.o(i.EXTI2_IRQHandler)
    EXTI3_IRQHandler                         0x08000f27   Thumb Code    16  gpio-board.o(i.EXTI3_IRQHandler)
    EXTI4_IRQHandler                         0x08000f37   Thumb Code    16  gpio-board.o(i.EXTI4_IRQHandler)
    EXTI9_5_IRQHandler                       0x08000f47   Thumb Code    44  gpio-board.o(i.EXTI9_5_IRQHandler)
    GpioInit                                 0x08000fa1   Thumb Code    16  gpio.o(i.GpioInit)
    GpioMcuInit                              0x08000fb1   Thumb Code   234  gpio-board.o(i.GpioMcuInit)
    GpioMcuSetInterrupt                      0x080010b5   Thumb Code   246  gpio-board.o(i.GpioMcuSetInterrupt)
    GpioMcuWrite                             0x080011bd   Thumb Code    20  gpio-board.o(i.GpioMcuWrite)
    GpioSetInterrupt                         0x080011d1   Thumb Code     4  gpio.o(i.GpioSetInterrupt)
    GpioWrite                                0x080011d5   Thumb Code     4  gpio.o(i.GpioWrite)
    HAL_ADC_ConfigChannel                    0x080011d9   Thumb Code   316  stm32l1xx_hal_adc.o(i.HAL_ADC_ConfigChannel)
    HAL_ADC_DeInit                           0x08001321   Thumb Code   242  stm32l1xx_hal_adc.o(i.HAL_ADC_DeInit)
    HAL_ADC_GetValue                         0x08001425   Thumb Code     6  stm32l1xx_hal_adc.o(i.HAL_ADC_GetValue)
    HAL_ADC_Init                             0x0800142d   Thumb Code   390  stm32l1xx_hal_adc.o(i.HAL_ADC_Init)
    HAL_ADC_MspDeInit                        0x080015c9   Thumb Code     2  stm32l1xx_hal_adc.o(i.HAL_ADC_MspDeInit)
    HAL_ADC_MspInit                          0x080015cb   Thumb Code     2  stm32l1xx_hal_adc.o(i.HAL_ADC_MspInit)
    HAL_ADC_PollForConversion                0x080015cd   Thumb Code   166  stm32l1xx_hal_adc.o(i.HAL_ADC_PollForConversion)
    HAL_ADC_Start                            0x08001673   Thumb Code   118  stm32l1xx_hal_adc.o(i.HAL_ADC_Start)
    HAL_DBGMCU_EnableDBGSleepMode            0x080016e9   Thumb Code    12  stm32l1xx_hal.o(i.HAL_DBGMCU_EnableDBGSleepMode)
    HAL_DBGMCU_EnableDBGStandbyMode          0x080016f9   Thumb Code    12  stm32l1xx_hal.o(i.HAL_DBGMCU_EnableDBGStandbyMode)
    HAL_DBGMCU_EnableDBGStopMode             0x08001709   Thumb Code    12  stm32l1xx_hal.o(i.HAL_DBGMCU_EnableDBGStopMode)
    HAL_Delay                                0x08001719   Thumb Code    22  stm32l1xx_hal.o(i.HAL_Delay)
    HAL_GPIO_EXTI_Callback                   0x08001731   Thumb Code    30  gpio-board.o(i.HAL_GPIO_EXTI_Callback)
    HAL_GPIO_EXTI_IRQHandler                 0x08001755   Thumb Code    18  stm32l1xx_hal_gpio.o(i.HAL_GPIO_EXTI_IRQHandler)
    HAL_GPIO_Init                            0x0800176d   Thumb Code   364  stm32l1xx_hal_gpio.o(i.HAL_GPIO_Init)
    HAL_GPIO_ReadPin                         0x080018f9   Thumb Code    10  stm32l1xx_hal_gpio.o(i.HAL_GPIO_ReadPin)
    HAL_GPIO_WritePin                        0x08001903   Thumb Code    10  stm32l1xx_hal_gpio.o(i.HAL_GPIO_WritePin)
    HAL_GetTick                              0x0800190d   Thumb Code     6  stm32l1xx_hal.o(i.HAL_GetTick)
    HAL_IncTick                              0x08001919   Thumb Code    10  stm32l1xx_hal.o(i.HAL_IncTick)
    HAL_Init                                 0x08001929   Thumb Code    22  stm32l1xx_hal.o(i.HAL_Init)
    HAL_InitTick                             0x08001941   Thumb Code    34  stm32l1xx_hal.o(i.HAL_InitTick)
    HAL_MspInit                              0x08001969   Thumb Code     2  stm32l1xx_hal.o(i.HAL_MspInit)
    HAL_NVIC_EnableIRQ                       0x0800196b   Thumb Code    22  stm32l1xx_hal_cortex.o(i.HAL_NVIC_EnableIRQ)
    HAL_NVIC_SetPriority                     0x08001981   Thumb Code    60  stm32l1xx_hal_cortex.o(i.HAL_NVIC_SetPriority)
    HAL_NVIC_SetPriorityGrouping             0x080019c1   Thumb Code    26  stm32l1xx_hal_cortex.o(i.HAL_NVIC_SetPriorityGrouping)
    HAL_PWREx_GetVoltageRange                0x080019e5   Thumb Code    10  stm32l1xx_hal_pwr_ex.o(i.HAL_PWREx_GetVoltageRange)
    HAL_RCCEx_PeriphCLKConfig                0x080019f5   Thumb Code   348  stm32l1xx_hal_rcc_ex.o(i.HAL_RCCEx_PeriphCLKConfig)
    HAL_RCC_ClockConfig                      0x08001b5d   Thumb Code   450  stm32l1xx_hal_rcc.o(i.HAL_RCC_ClockConfig)
    HAL_RCC_GetHCLKFreq                      0x08001d31   Thumb Code     6  stm32l1xx_hal_rcc.o(i.HAL_RCC_GetHCLKFreq)
    HAL_RCC_GetSysClockFreq                  0x08001d3d   Thumb Code   122  stm32l1xx_hal_rcc.o(i.HAL_RCC_GetSysClockFreq)
    HAL_RCC_OscConfig                        0x08001dc9   Thumb Code  1860  stm32l1xx_hal_rcc.o(i.HAL_RCC_OscConfig)
    HAL_RTCEx_AlarmBEventCallback            0x08002519   Thumb Code     2  stm32l1xx_hal_rtc_ex.o(i.HAL_RTCEx_AlarmBEventCallback)
    HAL_RTCEx_DeactivateWakeUpTimer          0x0800251b   Thumb Code   122  stm32l1xx_hal_rtc_ex.o(i.HAL_RTCEx_DeactivateWakeUpTimer)
    HAL_RTC_AlarmAEventCallback              0x08002595   Thumb Code     2  stm32l1xx_hal_rtc.o(i.HAL_RTC_AlarmAEventCallback)
    HAL_RTC_AlarmIRQHandler                  0x08002599   Thumb Code    86  stm32l1xx_hal_rtc.o(i.HAL_RTC_AlarmIRQHandler)
    HAL_RTC_DeactivateAlarm                  0x080025f5   Thumb Code   178  stm32l1xx_hal_rtc.o(i.HAL_RTC_DeactivateAlarm)
    HAL_RTC_GetAlarm                         0x080026a7   Thumb Code   110  stm32l1xx_hal_rtc_ex.o(i.HAL_RTC_GetAlarm)
    HAL_RTC_GetDate                          0x08002715   Thumb Code    62  stm32l1xx_hal_rtc.o(i.HAL_RTC_GetDate)
    HAL_RTC_GetTime                          0x08002759   Thumb Code    66  stm32l1xx_hal_rtc_ex.o(i.HAL_RTC_GetTime)
    HAL_RTC_Init                             0x080027a1   Thumb Code   150  stm32l1xx_hal_rtc.o(i.HAL_RTC_Init)
    HAL_RTC_MspInit                          0x0800283d   Thumb Code     2  stm32l1xx_hal_rtc.o(i.HAL_RTC_MspInit)
    HAL_RTC_SetAlarm_IT                      0x08002841   Thumb Code   378  stm32l1xx_hal_rtc_ex.o(i.HAL_RTC_SetAlarm_IT)
    HAL_RTC_SetDate                          0x080029c1   Thumb Code   196  stm32l1xx_hal_rtc.o(i.HAL_RTC_SetDate)
    HAL_RTC_SetTime                          0x08002a89   Thumb Code   228  stm32l1xx_hal_rtc.o(i.HAL_RTC_SetTime)
    HAL_RTC_WaitForSynchro                   0x08002b71   Thumb Code    54  stm32l1xx_hal_rtc_ex.o(i.HAL_RTC_WaitForSynchro)
    HAL_SPI_Init                             0x08002ba7   Thumb Code   122  stm32l1xx_hal_spi_ex.o(i.HAL_SPI_Init)
    HAL_SPI_MspInit                          0x08002c21   Thumb Code     2  stm32l1xx_hal_spi.o(i.HAL_SPI_MspInit)
    HAL_SYSTICK_CLKSourceConfig              0x08002c23   Thumb Code    24  stm32l1xx_hal_cortex.o(i.HAL_SYSTICK_CLKSourceConfig)
    HAL_SYSTICK_Callback                     0x08002c3b   Thumb Code     2  stm32l1xx_hal_cortex.o(i.HAL_SYSTICK_Callback)
    HAL_SYSTICK_Config                       0x08002c3d   Thumb Code    40  stm32l1xx_hal_cortex.o(i.HAL_SYSTICK_Config)
    HAL_SYSTICK_IRQHandler                   0x08002c65   Thumb Code     8  stm32l1xx_hal_cortex.o(i.HAL_SYSTICK_IRQHandler)
    HAL_TIM_Base_Init                        0x08002c6d   Thumb Code    54  stm32l1xx_hal_tim.o(i.HAL_TIM_Base_Init)
    HAL_TIM_Base_MspInit                     0x08002ca5   Thumb Code   122  tim-board.o(i.HAL_TIM_Base_MspInit)
    HAL_TIM_Base_Start_IT                    0x08002d2d   Thumb Code    24  stm32l1xx_hal_tim.o(i.HAL_TIM_Base_Start_IT)
    HAL_TIM_IC_CaptureCallback               0x08002d45   Thumb Code     2  stm32l1xx_hal_tim.o(i.HAL_TIM_IC_CaptureCallback)
    HAL_TIM_IRQHandler                       0x08002d47   Thumb Code   294  stm32l1xx_hal_tim.o(i.HAL_TIM_IRQHandler)
    HAL_TIM_OC_DelayElapsedCallback          0x08002e6d   Thumb Code     2  stm32l1xx_hal_tim.o(i.HAL_TIM_OC_DelayElapsedCallback)
    HAL_TIM_PWM_PulseFinishedCallback        0x08002e6f   Thumb Code     2  stm32l1xx_hal_tim.o(i.HAL_TIM_PWM_PulseFinishedCallback)
    HAL_TIM_PeriodElapsedCallback            0x08002e71   Thumb Code    40  tim-board.o(i.HAL_TIM_PeriodElapsedCallback)
    HAL_TIM_TriggerCallback                  0x08002ea5   Thumb Code     2  stm32l1xx_hal_tim.o(i.HAL_TIM_TriggerCallback)
    I2c_Init                                 0x08002ea9   Thumb Code    70  hal_temhum.o(i.I2c_Init)
    I2c_ReadByte                             0x08002ef9   Thumb Code   226  hal_temhum.o(i.I2c_ReadByte)
    I2c_SclInOutInit                         0x08002fe1   Thumb Code    50  hal_temhum.o(i.I2c_SclInOutInit)
    I2c_StartCondition                       0x08003019   Thumb Code    72  hal_temhum.o(i.I2c_StartCondition)
    I2c_StopCondition                        0x08003065   Thumb Code    72  hal_temhum.o(i.I2c_StopCondition)
    I2c_WriteByte                            0x080030b1   Thumb Code   144  hal_temhum.o(i.I2c_WriteByte)
    I2c_sdaInOutInit                         0x08003145   Thumb Code    50  hal_temhum.o(i.I2c_sdaInOutInit)
    Init                                     0x0800317d   Thumb Code    60  main.o(i.Init)
    MemManage_Handler                        0x080031c1   Thumb Code     2  sysirqhandlers.o(i.MemManage_Handler)
    NMI_Handler                              0x080031c3   Thumb Code     2  sysirqhandlers.o(i.NMI_Handler)
    NS_RadioEventsInit                       0x080031c5   Thumb Code    30  ns_radio.o(i.NS_RadioEventsInit)
    NS_RadioInit                             0x08003201   Thumb Code    38  ns_radio.o(i.NS_RadioInit)
    NS_RadioSetTxRxConfig                    0x0800322d   Thumb Code    98  ns_radio.o(i.NS_RadioSetTxRxConfig)
    OLED_Clear                               0x080032b5   Thumb Code    60  hal_oled.o(i.OLED_Clear)
    OLED_Display_On                          0x080032f1   Thumb Code    30  hal_oled.o(i.OLED_Display_On)
    OLED_Init                                0x0800330f   Thumb Code     6  hal_oled.o(i.OLED_Init)
    OLED_Init_Set_Inverse                    0x08003315   Thumb Code   324  hal_oled.o(i.OLED_Init_Set_Inverse)
    OLED_Set_Pos                             0x0800345d   Thumb Code    44  hal_oled.o(i.OLED_Set_Pos)
    OLED_ShowCHinese                         0x08003489   Thumb Code    74  hal_oled.o(i.OLED_ShowCHinese)
    OLED_ShowChar                            0x080034d9   Thumb Code    94  hal_oled.o(i.OLED_ShowChar)
    OLED_ShowString                          0x0800353d   Thumb Code    50  hal_oled.o(i.OLED_ShowString)
    OLED_WR_Byte                             0x08003571   Thumb Code    98  hal_oled.o(i.OLED_WR_Byte)
    OnRxDone                                 0x080035d9   Thumb Code    56  ns_radio.o(i.OnRxDone)
    OnRxError                                0x0800361d   Thumb Code    20  ns_radio.o(i.OnRxError)
    OnRxTimeout                              0x08003635   Thumb Code    20  ns_radio.o(i.OnRxTimeout)
    OnTxDone                                 0x0800364d   Thumb Code    20  ns_radio.o(i.OnTxDone)
    OnTxTimeout                              0x08003665   Thumb Code    20  ns_radio.o(i.OnTxTimeout)
    RTC_Alarm_IRQHandler                     0x080036f5   Thumb Code    40  rtc-board.o(i.RTC_Alarm_IRQHandler)
    RTC_Bcd2ToByte                           0x08003721   Thumb Code    18  stm32l1xx_hal_rtc.o(i.RTC_Bcd2ToByte)
    RTC_ByteToBcd2                           0x08003733   Thumb Code    22  stm32l1xx_hal_rtc.o(i.RTC_ByteToBcd2)
    RTC_EnterInitMode                        0x08003749   Thumb Code    58  stm32l1xx_hal_rtc.o(i.RTC_EnterInitMode)
    RtcGetAdjustedTimeoutValue               0x08003b29   Thumb Code    44  rtc-board.o(i.RtcGetAdjustedTimeoutValue)
    RtcGetElapsedAlarmTime                   0x08003bb1   Thumb Code    30  rtc-board.o(i.RtcGetElapsedAlarmTime)
    RtcInit                                  0x08003bd5   Thumb Code   128  rtc-board.o(i.RtcInit)
    RtcRecoverMcuStatus                      0x08003c65   Thumb Code    52  rtc-board.o(i.RtcRecoverMcuStatus)
    RtcSetTimeout                            0x08003ca5   Thumb Code     4  rtc-board.o(i.RtcSetTimeout)
    SHT1X_Init                               0x08003dd1   Thumb Code    26  hal_temhum.o(i.SHT1X_Init)
    SHT3X_GetTempAndHumi                     0x08003e69   Thumb Code    32  hal_temhum.o(i.SHT3X_GetTempAndHumi)
    SHT3X_GetTempAndHumiClkStretch           0x08003e89   Thumb Code   128  hal_temhum.o(i.SHT3X_GetTempAndHumiClkStretch)
    SHT3X_GetTempAndHumiPolling              0x08003f09   Thumb Code   160  hal_temhum.o(i.SHT3X_GetTempAndHumiPolling)
    SHT3X_HardReset                          0x08003fa9   Thumb Code    20  hal_temhum.o(i.SHT3X_HardReset)
    SHT3X_Init                               0x08003fc1   Thumb Code    32  hal_temhum.o(i.SHT3X_Init)
    SHT3X_SoftReset                          0x0800402f   Thumb Code    36  hal_temhum.o(i.SHT3X_SoftReset)
    SHT3x_ReadSerialNumber                   0x080040a7   Thumb Code    78  hal_temhum.o(i.SHT3x_ReadSerialNumber)
    SHTXX_Init                               0x080040f5   Thumb Code    24  hal_temhum.o(i.SHTXX_Init)
    SX1276CheckRfFrequency                   0x08004111   Thumb Code     4  sx1276-board.o(i.SX1276CheckRfFrequency)
    SX1276GetPaSelect                        0x08004115   Thumb Code    14  sx1276-board.o(i.SX1276GetPaSelect)
    SX1276GetStatus                          0x08004129   Thumb Code     8  sx1276.o(i.SX1276GetStatus)
    SX1276GetTimeOnAir                       0x08004135   Thumb Code   462  sx1276.o(i.SX1276GetTimeOnAir)
    SX1276Init                               0x0800432d   Thumb Code   104  sx1276.o(i.SX1276Init)
    SX1276IoInit                             0x080043a9   Thumb Code    60  sx1276-board.o(i.SX1276IoInit)
    SX1276IoIrqInit                          0x080043e9   Thumb Code    34  sx1276-board.o(i.SX1276IoIrqInit)
    SX1276IsChannelFree                      0x08004411   Thumb Code    54  sx1276.o(i.SX1276IsChannelFree)
    SX1276OnDio0Irq                          0x08004449   Thumb Code   580  sx1276.o(i.SX1276OnDio0Irq)
    SX1276OnDio1Irq                          0x080046a1   Thumb Code   208  sx1276.o(i.SX1276OnDio1Irq)
    SX1276OnTimeoutIrq                       0x0800477d   Thumb Code   210  sx1276.o(i.SX1276OnTimeoutIrq)
    SX1276Random                             0x08004861   Thumb Code    62  sx1276.o(i.SX1276Random)
    SX1276Read                               0x0800489f   Thumb Code    16  sx1276.o(i.SX1276Read)
    SX1276ReadBuffer                         0x080048b1   Thumb Code    68  sx1276.o(i.SX1276ReadBuffer)
    SX1276ReadFifo                           0x080048f9   Thumb Code    10  sx1276.o(i.SX1276ReadFifo)
    SX1276ReadRssi                           0x08004905   Thumb Code    58  sx1276.o(i.SX1276ReadRssi)
    SX1276Reset                              0x08004949   Thumb Code    58  sx1276.o(i.SX1276Reset)
    SX1276Send                               0x08004985   Thumb Code   240  sx1276.o(i.SX1276Send)
    SX1276SetAntSw                           0x08004a7d   Thumb Code     2  sx1276-board.o(i.SX1276SetAntSw)
    SX1276SetAntSwLowPower                   0x08004a81   Thumb Code    12  sx1276-board.o(i.SX1276SetAntSwLowPower)
    SX1276SetChannel                         0x08004a91   Thumb Code    58  sx1276.o(i.SX1276SetChannel)
    SX1276SetMaxPayloadLength                0x08004ad5   Thumb Code    46  sx1276.o(i.SX1276SetMaxPayloadLength)
    SX1276SetModem                           0x08004b09   Thumb Code   114  sx1276.o(i.SX1276SetModem)
    SX1276SetOpMode                          0x08004b81   Thumb Code    48  sx1276.o(i.SX1276SetOpMode)
    SX1276SetPublicNetwork                   0x08004bb1   Thumb Code    34  sx1276.o(i.SX1276SetPublicNetwork)
    SX1276SetRfTxPower                       0x08004bd9   Thumb Code   158  sx1276-board.o(i.SX1276SetRfTxPower)
    SX1276SetRx                              0x08004c7d   Thumb Code   534  sx1276.o(i.SX1276SetRx)
    SX1276SetRxConfig                        0x08004eb9   Thumb Code   640  sx1276.o(i.SX1276SetRxConfig)
    SX1276SetSleep                           0x0800514d   Thumb Code    32  sx1276.o(i.SX1276SetSleep)
    SX1276SetStby                            0x08005175   Thumb Code    32  sx1276.o(i.SX1276SetStby)
    SX1276SetTx                              0x0800519d   Thumb Code   156  sx1276.o(i.SX1276SetTx)
    SX1276SetTxConfig                        0x08005241   Thumb Code   506  sx1276.o(i.SX1276SetTxConfig)
    SX1276SetTxContinuousWave                0x08005449   Thumb Code   138  sx1276.o(i.SX1276SetTxContinuousWave)
    SX1276StartCad                           0x080054e1   Thumb Code    58  sx1276.o(i.SX1276StartCad)
    SX1276Write                              0x08005521   Thumb Code    12  sx1276.o(i.SX1276Write)
    SX1276WriteBuffer                        0x0800552d   Thumb Code    66  sx1276.o(i.SX1276WriteBuffer)
    SX1276WriteFifo                          0x08005575   Thumb Code    10  sx1276.o(i.SX1276WriteFifo)
    Serial_DataInOutInit                     0x08005581   Thumb Code    50  hal_temhum.o(i.Serial_DataInOutInit)
    Serial_Init                              0x080055d5   Thumb Code    70  hal_temhum.o(i.Serial_Init)
    SpiFormat                                0x08005625   Thumb Code    48  spi-board.o(i.SpiFormat)
    SpiFrequency                             0x08005655   Thumb Code    38  spi-board.o(i.SpiFrequency)
    SpiInOut                                 0x08005681   Thumb Code    56  spi-board.o(i.SpiInOut)
    SpiInit                                  0x080056b9   Thumb Code   256  spi-board.o(i.SpiInit)
    SysTick_Handler                          0x080057c9   Thumb Code    14  board.o(i.SysTick_Handler)
    SystemInit                               0x0800593d   Thumb Code    62  system_stm32l1xx.o(i.SystemInit)
    TIM2_IRQHandler                          0x0800598d   Thumb Code     6  tim-board.o(i.TIM2_IRQHandler)
    TIM3_IRQHandler                          0x08005999   Thumb Code     6  tim-board.o(i.TIM3_IRQHandler)
    TIM4_IRQHandler                          0x080059a5   Thumb Code     6  tim-board.o(i.TIM4_IRQHandler)
    Tim2McuInit                              0x08005a1d   Thumb Code    78  tim-board.o(i.Tim2McuInit)
    Time2Handler                             0x08005aa5   Thumb Code     4  timer_handles.o(i.Time2Handler)
    TimerInit                                0x08005aa9   Thumb Code    14  timer.o(i.TimerInit)
    TimerIrqHandler                          0x08005b2d   Thumb Code    78  timer.o(i.TimerIrqHandler)
    TimerSetValue                            0x08005ba1   Thumb Code    16  timer.o(i.TimerSetValue)
    TimerStart                               0x08005bb1   Thumb Code    90  timer.o(i.TimerStart)
    TimerStop                                0x08005c11   Thumb Code   134  timer.o(i.TimerStop)
    USART1_GetFlagStatus                     0x08005c9d   Thumb Code    16  usart1-board.o(i.USART1_GetFlagStatus)
    USART1_IRQHandler                        0x08005cb1   Thumb Code    48  usart1-board.o(i.USART1_IRQHandler)
    USART1_ReceiveData                       0x08005ce9   Thumb Code    10  usart1-board.o(i.USART1_ReceiveData)
    UsageFault_Handler                       0x08005cf9   Thumb Code     2  sysirqhandlers.o(i.UsageFault_Handler)
    __0printf                                0x08005cfd   Thumb Code    22  printfa.o(i.__0printf)
    __1printf                                0x08005cfd   Thumb Code     0  printfa.o(i.__0printf)
    __2printf                                0x08005cfd   Thumb Code     0  printfa.o(i.__0printf)
    __c89printf                              0x08005cfd   Thumb Code     0  printfa.o(i.__0printf)
    printf                                   0x08005cfd   Thumb Code     0  printfa.o(i.__0printf)
    __0sprintf                               0x08005d1d   Thumb Code    34  printfa.o(i.__0sprintf)
    __1sprintf                               0x08005d1d   Thumb Code     0  printfa.o(i.__0sprintf)
    __2sprintf                               0x08005d1d   Thumb Code     0  printfa.o(i.__0sprintf)
    __c89sprintf                             0x08005d1d   Thumb Code     0  printfa.o(i.__0sprintf)
    sprintf                                  0x08005d1d   Thumb Code     0  printfa.o(i.__0sprintf)
    __scatterload_copy                       0x08005d45   Thumb Code    14  handlers.o(i.__scatterload_copy)
    __scatterload_null                       0x08005d53   Thumb Code     2  handlers.o(i.__scatterload_null)
    __scatterload_zeroinit                   0x08005d55   Thumb Code    14  handlers.o(i.__scatterload_zeroinit)
    calc_sth11                               0x080065f9   Thumb Code   154  hal_temhum.o(i.calc_sth11)
    call_sht11                               0x080066c5   Thumb Code    58  hal_temhum.o(i.call_sht11)
    call_sht1x                               0x08006705   Thumb Code    84  hal_temhum.o(i.call_sht1x)
    ceil                                     0x08006759   Thumb Code   204  ceil.o(i.ceil)
    floor                                    0x08006835   Thumb Code   204  floor.o(i.floor)
    fputc                                    0x08006911   Thumb Code     2  uart.o(i.fputc)
    hal_temHumInit                           0x08006913   Thumb Code     4  hal_temhum.o(i.hal_temHumInit)
    isKey2Pressed                            0x08006919   Thumb Code     6  hal_key.o(i.isKey2Pressed)
    isKey3Pressed                            0x08006925   Thumb Code     6  hal_key.o(i.isKey3Pressed)
    isKey4Pressed                            0x08006931   Thumb Code     6  hal_key.o(i.isKey4Pressed)
    keyScanner                               0x0800693d   Thumb Code    22  key_scaner.o(i.keyScanner)
    keys_init                                0x08006959   Thumb Code    60  hal_key.o(i.keys_init)
    main                                     0x0800699d   Thumb Code    54  main.o(i.main)
    memcpy1                                  0x080069d9   Thumb Code    20  utilities.o(i.memcpy1)
    menu1                                    0x080069ed   Thumb Code   180  main.o(i.menu1)
    menu2                                    0x08006add   Thumb Code   332  main.o(i.menu2)
    menu3                                    0x08006c9d   Thumb Code   134  main.o(i.menu3)
    menu4                                    0x08006d5d   Thumb Code    60  main.o(i.menu4)
    resetKey2                                0x08006db9   Thumb Code     8  hal_key.o(i.resetKey2)
    resetKey3                                0x08006dc5   Thumb Code     8  hal_key.o(i.resetKey3)
    resetKey4                                0x08006dd1   Thumb Code     8  hal_key.o(i.resetKey4)
    round                                    0x08006ddd   Thumb Code   136  round.o(i.round)
    s_connectionreset                        0x08006e71   Thumb Code    74  hal_temhum.o(i.s_connectionreset)
    s_measure                                0x08006ec1   Thumb Code   126  hal_temhum.o(i.s_measure)
    s_read_byte                              0x08006f45   Thumb Code   152  hal_temhum.o(i.s_read_byte)
    s_softreset                              0x08006fe1   Thumb Code    16  hal_temhum.o(i.s_softreset)
    s_transstart                             0x08006ff1   Thumb Code   124  hal_temhum.o(i.s_transstart)
    s_write_byte                             0x08007071   Thumb Code   148  hal_temhum.o(i.s_write_byte)
    scan_keys                                0x08007109   Thumb Code   214  hal_key.o(i.scan_keys)
    sendMode                                 0x080071ed   Thumb Code    28  main.o(i.sendMode)
    setTimer2Callback                        0x08007211   Thumb Code     6  tim-board.o(i.setTimer2Callback)
    Radio                                    0x08007234   Data          92  sx1276-board.o(.constdata)
    PLLMulTable                              0x08007290   Data           9  system_stm32l1xx.o(.constdata)
    AHBPrescTable                            0x08007299   Data          16  system_stm32l1xx.o(.constdata)
    RadioRegsInit                            0x080085dc   Data          48  sx1276.o(.constdata)
    FskBandwidths                            0x0800860c   Data         176  sx1276.o(.constdata)
    Region$$Table$$Base                      0x080086bc   Number         0  anon$$obj.o(Region$$Table)
    Region$$Table$$Limit                     0x080086dc   Number         0  anon$$obj.o(Region$$Table)
    LEDStatus                                0x20000000   Data           1  main.o(.data)
    menuID                                   0x20000004   Data           4  main.o(.data)
    keyID                                    0x20000008   Data           4  main.o(.data)
    ADC0Value                                0x2000000c   Data           2  adc_reader.o(.data)
    ADC2Value                                0x2000000e   Data           2  adc_reader.o(.data)
    VoltageValue                             0x20000010   Data           4  adc_reader.o(.data)
    VoltageValue2                            0x20000014   Data           4  adc_reader.o(.data)
    NonScheduledWakeUp                       0x20000025   Data           1  rtc-board.o(.data)
    McuWakeUpTime                            0x2000002c   Data           4  rtc-board.o(.data)
    timer2Callback                           0x20000038   Data           4  tim-board.o(.data)
    timer3Callback                           0x2000003c   Data           4  tim-board.o(.data)
    timer4Callback                           0x20000040   Data           4  tim-board.o(.data)
    F_USART1_RX_FINISH                       0x20000044   Data           1  usart1-board.o(.data)
    F_USART1_RX_RECEIVING                    0x20000045   Data           1  usart1-board.o(.data)
    USART1_RX_TIMEOUT_COUNT                  0x20000046   Data           1  usart1-board.o(.data)
    USART1_RX_COUNT                          0x20000048   Data           2  usart1-board.o(.data)
    SystemCoreClock                          0x2000004c   Data           4  system_stm32l1xx.o(.data)
    uwTick                                   0x20000050   Data           4  stm32l1xx_hal.o(.data)
    light_status                             0x20000054   Data           1  hal_key.o(.data)
    fan_status                               0x20000055   Data           1  hal_key.o(.data)
    is_key2_down                             0x20000056   Data           1  hal_key.o(.data)
    is_key3_down                             0x20000057   Data           1  hal_key.o(.data)
    is_key4_down                             0x20000058   Data           1  hal_key.o(.data)
    ShtFlag                                  0x20000062   Data           1  hal_temhum.o(.data)
    DioIrq                                   0x20000068   Data          12  sx1276.o(.data)
    HasLoopedThroughMain                     0x20000078   Data           1  timer.o(.data)
    __stdout                                 0x20000080   Data           4  uart.o(.data)
    ADC_0                                    0x20000084   Data          12  adc_reader.o(.bss)
    ADC_2                                    0x20000090   Data          12  adc_reader.o(.bss)
    AdcHandle                                0x200001b8   Data          84  adc-board.o(.bss)
    Led1                                     0x2000020c   Data          12  board.o(.bss)
    Led2                                     0x20000218   Data          12  board.o(.bss)
    Key2                                     0x20000224   Data          12  board.o(.bss)
    Adc                                      0x20000230   Data          12  board.o(.bss)
    RtcHandle                                0x2000027c   Data          32  rtc-board.o(.bss)
    RtcCalendarContext                       0x2000029c   Data          20  rtc-board.o(.bss)
    Tim2Handle                               0x200002b0   Data          56  tim-board.o(.bss)
    Tim3Handle                               0x200002e8   Data          56  tim-board.o(.bss)
    Tim4Handle                               0x20000320   Data          56  tim-board.o(.bss)
    USART1_RX_BUF                            0x20000358   Data         255  usart1-board.o(.bss)
    OLED_CS_PIN                              0x2000046c   Data          12  hal_oled.o(.bss)
    OLED_DC_PIN                              0x20000478   Data          12  hal_oled.o(.bss)
    OLED_SCLK_PIN                            0x20000484   Data          12  hal_oled.o(.bss)
    OLED_SDIN_PIN                            0x20000490   Data          12  hal_oled.o(.bss)
    SX1276                                   0x2000059c   Data         272  sx1276.o(.bss)
    TxTimeoutTimer                           0x200006ac   Data          20  sx1276.o(.bss)
    RxTimeoutTimer                           0x200006c0   Data          20  sx1276.o(.bss)
    RxTimeoutSyncWord                        0x200006d4   Data          20  sx1276.o(.bss)
    __initial_sp                             0x20000ae8   Data           0  startup_stm32l151xb.o(STACK)



==============================================================================

Memory Map of the image

  Image Entry point : 0x080000f5

  Load Region LR_IROM1 (Base: 0x08000000, Size: 0x00008760, Max: 0x00010000, ABSOLUTE)

    Execution Region ER_IROM1 (Exec base: 0x08000000, Load base: 0x08000000, Size: 0x000086dc, Max: 0x00010000, ABSOLUTE)

    Exec Addr    Load Addr    Size         Type   Attr      Idx    E Section Name        Object

    0x08000000   0x08000000   0x000000f4   Data   RO         1620    RESET               startup_stm32l151xb.o
    0x080000f4   0x080000f4   0x00000000   Code   RO         6408  * .ARM.Collect$$$$00000000  mc_w.l(entry.o)
    0x080000f4   0x080000f4   0x00000004   Code   RO         6712    .ARM.Collect$$$$00000001  mc_w.l(entry2.o)
    0x080000f8   0x080000f8   0x00000004   Code   RO         6715    .ARM.Collect$$$$00000004  mc_w.l(entry5.o)
    0x080000fc   0x080000fc   0x00000000   Code   RO         6717    .ARM.Collect$$$$00000008  mc_w.l(entry7b.o)
    0x080000fc   0x080000fc   0x00000000   Code   RO         6719    .ARM.Collect$$$$0000000A  mc_w.l(entry8b.o)
    0x080000fc   0x080000fc   0x00000008   Code   RO         6720    .ARM.Collect$$$$0000000B  mc_w.l(entry9a.o)
    0x08000104   0x08000104   0x00000004   Code   RO         6727    .ARM.Collect$$$$0000000E  mc_w.l(entry12b.o)
    0x08000108   0x08000108   0x00000000   Code   RO         6722    .ARM.Collect$$$$0000000F  mc_w.l(entry10a.o)
    0x08000108   0x08000108   0x00000000   Code   RO         6724    .ARM.Collect$$$$00000011  mc_w.l(entry11a.o)
    0x08000108   0x08000108   0x00000004   Code   RO         6713    .ARM.Collect$$$$00002712  mc_w.l(entry2.o)
    0x0800010c   0x0800010c   0x00000024   Code   RO         1621    .text               startup_stm32l151xb.o
    0x08000130   0x08000130   0x00000024   Code   RO         6411    .text               mc_w.l(memcpya.o)
    0x08000154   0x08000154   0x00000024   Code   RO         6413    .text               mc_w.l(memseta.o)
    0x08000178   0x08000178   0x000000b0   Code   RO         6678    .text               mf_w.l(fadd.o)
    0x08000228   0x08000228   0x00000064   Code   RO         6680    .text               mf_w.l(fmul.o)
    0x0800028c   0x0800028c   0x0000007c   Code   RO         6682    .text               mf_w.l(fdiv.o)
    0x08000308   0x08000308   0x0000014e   Code   RO         6684    .text               mf_w.l(dadd.o)
    0x08000456   0x08000456   0x000000e4   Code   RO         6686    .text               mf_w.l(dmul.o)
    0x0800053a   0x0800053a   0x000000de   Code   RO         6688    .text               mf_w.l(ddiv.o)
    0x08000618   0x08000618   0x0000002e   Code   RO         6690    .text               mf_w.l(dscalb.o)
    0x08000646   0x08000646   0x0000000a   Code   RO         6692    .text               mf_w.l(ffltui.o)
    0x08000650   0x08000650   0x00000022   Code   RO         6694    .text               mf_w.l(dflti.o)
    0x08000672   0x08000672   0x0000001a   Code   RO         6696    .text               mf_w.l(dfltui.o)
    0x0800068c   0x0800068c   0x0000003e   Code   RO         6700    .text               mf_w.l(dfixi.o)
    0x080006ca   0x080006ca   0x00000032   Code   RO         6702    .text               mf_w.l(dfixui.o)
    0x080006fc   0x080006fc   0x00000026   Code   RO         6704    .text               mf_w.l(f2d.o)
    0x08000722   0x08000722   0x00000002   PAD
    0x08000724   0x08000724   0x00000030   Code   RO         6706    .text               mf_w.l(cdcmple.o)
    0x08000754   0x08000754   0x00000030   Code   RO         6708    .text               mf_w.l(cdrcmple.o)
    0x08000784   0x08000784   0x00000038   Code   RO         6710    .text               mf_w.l(d2f.o)
    0x080007bc   0x080007bc   0x0000002c   Code   RO         6728    .text               mc_w.l(uidiv.o)
    0x080007e8   0x080007e8   0x00000062   Code   RO         6730    .text               mc_w.l(uldiv.o)
    0x0800084a   0x0800084a   0x0000001e   Code   RO         6732    .text               mc_w.l(llshl.o)
    0x08000868   0x08000868   0x00000020   Code   RO         6734    .text               mc_w.l(llushr.o)
    0x08000888   0x08000888   0x00000024   Code   RO         6736    .text               mc_w.l(llsshr.o)
    0x080008ac   0x080008ac   0x00000000   Code   RO         6738    .text               mc_w.l(iusefp.o)
    0x080008ac   0x080008ac   0x0000006e   Code   RO         6739    .text               mf_w.l(fepilogue.o)
    0x0800091a   0x0800091a   0x000000ba   Code   RO         6741    .text               mf_w.l(depilogue.o)
    0x080009d4   0x080009d4   0x00000088   Code   RO         6743    .text               mf_w.l(drnd.o)
    0x08000a5c   0x08000a5c   0x00000030   Code   RO         6745    .text               mf_w.l(dfixul.o)
    0x08000a8c   0x08000a8c   0x00000024   Code   RO         6747    .text               mc_w.l(init.o)
    0x08000ab0   0x08000ab0   0x0000001c   Code   RO          381    i.ADCS_Init         adc_reader.o
    0x08000acc   0x08000acc   0x0000004c   Code   RO         1801    i.ADC_ConversionStop_Disable  stm32l1xx_hal_adc.o
    0x08000b18   0x08000b18   0x00000074   Code   RO         1805    i.ADC_Enable        stm32l1xx_hal_adc.o
    0x08000b8c   0x08000b8c   0x00000020   Code   RO         5992    i.AdcInit           adc.o
    0x08000bac   0x08000bac   0x0000002c   Code   RO          885    i.AdcMcuConfig      adc-board.o
    0x08000bd8   0x08000bd8   0x00000048   Code   RO          886    i.AdcMcuInit        adc-board.o
    0x08000c20   0x08000c20   0x000000e4   Code   RO          887    i.AdcMcuReadChannel  adc-board.o
    0x08000d04   0x08000d04   0x0000000c   Code   RO          382    i.AdcReadCh0        adc_reader.o
    0x08000d10   0x08000d10   0x00000014   Code   RO         5993    i.AdcReadChannel    adc.o
    0x08000d24   0x08000d24   0x00000068   Code   RO          384    i.AdcScanChannel    adc_reader.o
    0x08000d8c   0x08000d8c   0x00000014   Code   RO         1144    i.BlockLowPowerDuringTask  rtc-board.o
    0x08000da0   0x08000da0   0x00000010   Code   RO          929    i.BoardDisableIrq   board.o
    0x08000db0   0x08000db0   0x00000018   Code   RO          930    i.BoardEnableIrq    board.o
    0x08000dc8   0x08000dc8   0x00000078   Code   RO          935    i.BoardInitMcu      board.o
    0x08000e40   0x08000e40   0x00000060   Code   RO          936    i.BoardInitPeriph   board.o
    0x08000ea0   0x08000ea0   0x00000002   Code   RO         5056    i.BusFault_Handler  sysirqhandlers.o
    0x08000ea2   0x08000ea2   0x00000002   Code   RO         5057    i.DebugMon_Handler  sysirqhandlers.o
    0x08000ea4   0x08000ea4   0x00000014   Code   RO         5444    i.DelayMicroSeconds  hal_temhum.o
    0x08000eb8   0x08000eb8   0x00000004   Code   RO         6030    i.DelayMs           delay.o
    0x08000ebc   0x08000ebc   0x00000010   Code   RO         1037    i.EXTI0_IRQHandler  gpio-board.o
    0x08000ecc   0x08000ecc   0x0000003a   Code   RO         1038    i.EXTI15_10_IRQHandler  gpio-board.o
    0x08000f06   0x08000f06   0x00000010   Code   RO         1039    i.EXTI1_IRQHandler  gpio-board.o
    0x08000f16   0x08000f16   0x00000010   Code   RO         1040    i.EXTI2_IRQHandler  gpio-board.o
    0x08000f26   0x08000f26   0x00000010   Code   RO         1041    i.EXTI3_IRQHandler  gpio-board.o
    0x08000f36   0x08000f36   0x00000010   Code   RO         1042    i.EXTI4_IRQHandler  gpio-board.o
    0x08000f46   0x08000f46   0x0000002c   Code   RO         1043    i.EXTI9_5_IRQHandler  gpio-board.o
    0x08000f72   0x08000f72   0x00000002   PAD
    0x08000f74   0x08000f74   0x0000002c   Code   RO         5781    i.GetFskBandwidthRegValue  sx1276.o
    0x08000fa0   0x08000fa0   0x00000010   Code   RO         6106    i.GpioInit          gpio.o
    0x08000fb0   0x08000fb0   0x00000104   Code   RO         1044    i.GpioMcuInit       gpio-board.o
    0x080010b4   0x080010b4   0x00000108   Code   RO         1047    i.GpioMcuSetInterrupt  gpio-board.o
    0x080011bc   0x080011bc   0x00000014   Code   RO         1049    i.GpioMcuWrite      gpio-board.o
    0x080011d0   0x080011d0   0x00000004   Code   RO         6109    i.GpioSetInterrupt  gpio.o
    0x080011d4   0x080011d4   0x00000004   Code   RO         6111    i.GpioWrite         gpio.o
    0x080011d8   0x080011d8   0x00000148   Code   RO         1807    i.HAL_ADC_ConfigChannel  stm32l1xx_hal_adc.o
    0x08001320   0x08001320   0x00000104   Code   RO         1810    i.HAL_ADC_DeInit    stm32l1xx_hal_adc.o
    0x08001424   0x08001424   0x00000006   Code   RO         1814    i.HAL_ADC_GetValue  stm32l1xx_hal_adc.o
    0x0800142a   0x0800142a   0x00000002   PAD
    0x0800142c   0x0800142c   0x0000019c   Code   RO         1816    i.HAL_ADC_Init      stm32l1xx_hal_adc.o
    0x080015c8   0x080015c8   0x00000002   Code   RO         1818    i.HAL_ADC_MspDeInit  stm32l1xx_hal_adc.o
    0x080015ca   0x080015ca   0x00000002   Code   RO         1819    i.HAL_ADC_MspInit   stm32l1xx_hal_adc.o
    0x080015cc   0x080015cc   0x000000a6   Code   RO         1820    i.HAL_ADC_PollForConversion  stm32l1xx_hal_adc.o
    0x08001672   0x08001672   0x00000076   Code   RO         1822    i.HAL_ADC_Start     stm32l1xx_hal_adc.o
    0x080016e8   0x080016e8   0x00000010   Code   RO         1669    i.HAL_DBGMCU_EnableDBGSleepMode  stm32l1xx_hal.o
    0x080016f8   0x080016f8   0x00000010   Code   RO         1670    i.HAL_DBGMCU_EnableDBGStandbyMode  stm32l1xx_hal.o
    0x08001708   0x08001708   0x00000010   Code   RO         1671    i.HAL_DBGMCU_EnableDBGStopMode  stm32l1xx_hal.o
    0x08001718   0x08001718   0x00000016   Code   RO         1673    i.HAL_Delay         stm32l1xx_hal.o
    0x0800172e   0x0800172e   0x00000002   PAD
    0x08001730   0x08001730   0x00000024   Code   RO         1050    i.HAL_GPIO_EXTI_Callback  gpio-board.o
    0x08001754   0x08001754   0x00000018   Code   RO         2531    i.HAL_GPIO_EXTI_IRQHandler  stm32l1xx_hal_gpio.o
    0x0800176c   0x0800176c   0x0000018c   Code   RO         2532    i.HAL_GPIO_Init     stm32l1xx_hal_gpio.o
    0x080018f8   0x080018f8   0x0000000a   Code   RO         2534    i.HAL_GPIO_ReadPin  stm32l1xx_hal_gpio.o
    0x08001902   0x08001902   0x0000000a   Code   RO         2536    i.HAL_GPIO_WritePin  stm32l1xx_hal_gpio.o
    0x0800190c   0x0800190c   0x0000000c   Code   RO         1677    i.HAL_GetTick       stm32l1xx_hal.o
    0x08001918   0x08001918   0x00000010   Code   RO         1678    i.HAL_IncTick       stm32l1xx_hal.o
    0x08001928   0x08001928   0x00000016   Code   RO         1679    i.HAL_Init          stm32l1xx_hal.o
    0x0800193e   0x0800193e   0x00000002   PAD
    0x08001940   0x08001940   0x00000028   Code   RO         1680    i.HAL_InitTick      stm32l1xx_hal.o
    0x08001968   0x08001968   0x00000002   Code   RO         1682    i.HAL_MspInit       stm32l1xx_hal.o
    0x0800196a   0x0800196a   0x00000016   Code   RO         2047    i.HAL_NVIC_EnableIRQ  stm32l1xx_hal_cortex.o
    0x08001980   0x08001980   0x00000040   Code   RO         2053    i.HAL_NVIC_SetPriority  stm32l1xx_hal_cortex.o
    0x080019c0   0x080019c0   0x00000024   Code   RO         2054    i.HAL_NVIC_SetPriorityGrouping  stm32l1xx_hal_cortex.o
    0x080019e4   0x080019e4   0x00000010   Code   RO         3149    i.HAL_PWREx_GetVoltageRange  stm32l1xx_hal_pwr_ex.o
    0x080019f4   0x080019f4   0x00000168   Code   RO         3312    i.HAL_RCCEx_PeriphCLKConfig  stm32l1xx_hal_rcc_ex.o
    0x08001b5c   0x08001b5c   0x000001d4   Code   RO         3204    i.HAL_RCC_ClockConfig  stm32l1xx_hal_rcc.o
    0x08001d30   0x08001d30   0x0000000c   Code   RO         3209    i.HAL_RCC_GetHCLKFreq  stm32l1xx_hal_rcc.o
    0x08001d3c   0x08001d3c   0x0000008c   Code   RO         3213    i.HAL_RCC_GetSysClockFreq  stm32l1xx_hal_rcc.o
    0x08001dc8   0x08001dc8   0x00000750   Code   RO         3216    i.HAL_RCC_OscConfig  stm32l1xx_hal_rcc.o
    0x08002518   0x08002518   0x00000002   Code   RO         3453    i.HAL_RTCEx_AlarmBEventCallback  stm32l1xx_hal_rtc_ex.o
    0x0800251a   0x0800251a   0x0000007a   Code   RO         3461    i.HAL_RTCEx_DeactivateWakeUpTimer  stm32l1xx_hal_rtc_ex.o
    0x08002594   0x08002594   0x00000002   Code   RO         3346    i.HAL_RTC_AlarmAEventCallback  stm32l1xx_hal_rtc.o
    0x08002596   0x08002596   0x00000002   PAD
    0x08002598   0x08002598   0x0000005c   Code   RO         3347    i.HAL_RTC_AlarmIRQHandler  stm32l1xx_hal_rtc.o
    0x080025f4   0x080025f4   0x000000b2   Code   RO         3349    i.HAL_RTC_DeactivateAlarm  stm32l1xx_hal_rtc.o
    0x080026a6   0x080026a6   0x0000006e   Code   RO         3483    i.HAL_RTC_GetAlarm  stm32l1xx_hal_rtc_ex.o
    0x08002714   0x08002714   0x00000044   Code   RO         3350    i.HAL_RTC_GetDate   stm32l1xx_hal_rtc.o
    0x08002758   0x08002758   0x00000048   Code   RO         3484    i.HAL_RTC_GetTime   stm32l1xx_hal_rtc_ex.o
    0x080027a0   0x080027a0   0x0000009c   Code   RO         3352    i.HAL_RTC_Init      stm32l1xx_hal_rtc.o
    0x0800283c   0x0800283c   0x00000002   Code   RO         3354    i.HAL_RTC_MspInit   stm32l1xx_hal_rtc.o
    0x0800283e   0x0800283e   0x00000002   PAD
    0x08002840   0x08002840   0x00000180   Code   RO         3486    i.HAL_RTC_SetAlarm_IT  stm32l1xx_hal_rtc_ex.o
    0x080029c0   0x080029c0   0x000000c8   Code   RO         3356    i.HAL_RTC_SetDate   stm32l1xx_hal_rtc.o
    0x08002a88   0x08002a88   0x000000e8   Code   RO         3357    i.HAL_RTC_SetTime   stm32l1xx_hal_rtc.o
    0x08002b70   0x08002b70   0x00000036   Code   RO         3487    i.HAL_RTC_WaitForSynchro  stm32l1xx_hal_rtc_ex.o
    0x08002ba6   0x08002ba6   0x0000007a   Code   RO         3920    i.HAL_SPI_Init      stm32l1xx_hal_spi_ex.o
    0x08002c20   0x08002c20   0x00000002   Code   RO         3691    i.HAL_SPI_MspInit   stm32l1xx_hal_spi.o
    0x08002c22   0x08002c22   0x00000018   Code   RO         2056    i.HAL_SYSTICK_CLKSourceConfig  stm32l1xx_hal_cortex.o
    0x08002c3a   0x08002c3a   0x00000002   Code   RO         2057    i.HAL_SYSTICK_Callback  stm32l1xx_hal_cortex.o
    0x08002c3c   0x08002c3c   0x00000028   Code   RO         2058    i.HAL_SYSTICK_Config  stm32l1xx_hal_cortex.o
    0x08002c64   0x08002c64   0x00000008   Code   RO         2059    i.HAL_SYSTICK_IRQHandler  stm32l1xx_hal_cortex.o
    0x08002c6c   0x08002c6c   0x00000036   Code   RO         3946    i.HAL_TIM_Base_Init  stm32l1xx_hal_tim.o
    0x08002ca2   0x08002ca2   0x00000002   PAD
    0x08002ca4   0x08002ca4   0x00000088   Code   RO         1403    i.HAL_TIM_Base_MspInit  tim-board.o
    0x08002d2c   0x08002d2c   0x00000018   Code   RO         3951    i.HAL_TIM_Base_Start_IT  stm32l1xx_hal_tim.o
    0x08002d44   0x08002d44   0x00000002   Code   RO         3975    i.HAL_TIM_IC_CaptureCallback  stm32l1xx_hal_tim.o
    0x08002d46   0x08002d46   0x00000126   Code   RO         3988    i.HAL_TIM_IRQHandler  stm32l1xx_hal_tim.o
    0x08002e6c   0x08002e6c   0x00000002   Code   RO         3991    i.HAL_TIM_OC_DelayElapsedCallback  stm32l1xx_hal_tim.o
    0x08002e6e   0x08002e6e   0x00000002   Code   RO         4018    i.HAL_TIM_PWM_PulseFinishedCallback  stm32l1xx_hal_tim.o
    0x08002e70   0x08002e70   0x00000034   Code   RO         1404    i.HAL_TIM_PeriodElapsedCallback  tim-board.o
    0x08002ea4   0x08002ea4   0x00000002   Code   RO         4029    i.HAL_TIM_TriggerCallback  stm32l1xx_hal_tim.o
    0x08002ea6   0x08002ea6   0x00000002   PAD
    0x08002ea8   0x08002ea8   0x00000050   Code   RO         5446    i.I2c_Init          hal_temhum.o
    0x08002ef8   0x08002ef8   0x000000e8   Code   RO         5447    i.I2c_ReadByte      hal_temhum.o
    0x08002fe0   0x08002fe0   0x00000038   Code   RO         5448    i.I2c_SclInOutInit  hal_temhum.o
    0x08003018   0x08003018   0x0000004c   Code   RO         5449    i.I2c_StartCondition  hal_temhum.o
    0x08003064   0x08003064   0x0000004c   Code   RO         5450    i.I2c_StopCondition  hal_temhum.o
    0x080030b0   0x080030b0   0x00000094   Code   RO         5451    i.I2c_WriteByte     hal_temhum.o
    0x08003144   0x08003144   0x00000038   Code   RO         5452    i.I2c_sdaInOutInit  hal_temhum.o
    0x0800317c   0x0800317c   0x00000044   Code   RO            4    i.Init              main.o
    0x080031c0   0x080031c0   0x00000002   Code   RO         5058    i.MemManage_Handler  sysirqhandlers.o
    0x080031c2   0x080031c2   0x00000002   Code   RO         5059    i.NMI_Handler       sysirqhandlers.o
    0x080031c4   0x080031c4   0x0000003c   Code   RO          588    i.NS_RadioEventsInit  ns_radio.o
    0x08003200   0x08003200   0x0000002c   Code   RO          589    i.NS_RadioInit      ns_radio.o
    0x0800322c   0x0800322c   0x00000068   Code   RO          590    i.NS_RadioSetTxRxConfig  ns_radio.o
    0x08003294   0x08003294   0x00000020   Code   RO         2060    i.NVIC_SetPriority  stm32l1xx_hal_cortex.o
    0x080032b4   0x080032b4   0x0000003c   Code   RO         5259    i.OLED_Clear        hal_oled.o
    0x080032f0   0x080032f0   0x0000001e   Code   RO         5262    i.OLED_Display_On   hal_oled.o
    0x0800330e   0x0800330e   0x00000006   Code   RO         5266    i.OLED_Init         hal_oled.o
    0x08003314   0x08003314   0x00000148   Code   RO         5268    i.OLED_Init_Set_Inverse  hal_oled.o
    0x0800345c   0x0800345c   0x0000002c   Code   RO         5269    i.OLED_Set_Pos      hal_oled.o
    0x08003488   0x08003488   0x00000050   Code   RO         5270    i.OLED_ShowCHinese  hal_oled.o
    0x080034d8   0x080034d8   0x00000064   Code   RO         5272    i.OLED_ShowChar     hal_oled.o
    0x0800353c   0x0800353c   0x00000032   Code   RO         5275    i.OLED_ShowString   hal_oled.o
    0x0800356e   0x0800356e   0x00000002   PAD
    0x08003570   0x08003570   0x00000068   Code   RO         5276    i.OLED_WR_Byte      hal_oled.o
    0x080035d8   0x080035d8   0x00000044   Code   RO          591    i.OnRxDone          ns_radio.o
    0x0800361c   0x0800361c   0x00000018   Code   RO          592    i.OnRxError         ns_radio.o
    0x08003634   0x08003634   0x00000018   Code   RO          593    i.OnRxTimeout       ns_radio.o
    0x0800364c   0x0800364c   0x00000018   Code   RO          594    i.OnTxDone          ns_radio.o
    0x08003664   0x08003664   0x00000018   Code   RO          595    i.OnTxTimeout       ns_radio.o
    0x0800367c   0x0800367c   0x00000078   Code   RO         3217    i.RCC_SetFlashLatencyFromMSIRange  stm32l1xx_hal_rcc.o
    0x080036f4   0x080036f4   0x0000002c   Code   RO         1145    i.RTC_Alarm_IRQHandler  rtc-board.o
    0x08003720   0x08003720   0x00000012   Code   RO         3358    i.RTC_Bcd2ToByte    stm32l1xx_hal_rtc.o
    0x08003732   0x08003732   0x00000016   Code   RO         3359    i.RTC_ByteToBcd2    stm32l1xx_hal_rtc.o
    0x08003748   0x08003748   0x0000003a   Code   RO         3360    i.RTC_EnterInitMode  stm32l1xx_hal_rtc.o
    0x08003782   0x08003782   0x00000002   PAD
    0x08003784   0x08003784   0x000001e0   Code   RO         1148    i.RtcComputeTimerTimeToAlarmTick  rtc-board.o
    0x08003964   0x08003964   0x00000098   Code   RO         1149    i.RtcComputeWakeUpTime  rtc-board.o
    0x080039fc   0x080039fc   0x0000012c   Code   RO         1150    i.RtcConvertCalendarTickToTimerTime  rtc-board.o
    0x08003b28   0x08003b28   0x00000030   Code   RO         1153    i.RtcGetAdjustedTimeoutValue  rtc-board.o
    0x08003b58   0x08003b58   0x00000058   Code   RO         1154    i.RtcGetCalendar    rtc-board.o
    0x08003bb0   0x08003bb0   0x00000024   Code   RO         1155    i.RtcGetElapsedAlarmTime  rtc-board.o
    0x08003bd4   0x08003bd4   0x00000090   Code   RO         1157    i.RtcInit           rtc-board.o
    0x08003c64   0x08003c64   0x00000040   Code   RO         1158    i.RtcRecoverMcuStatus  rtc-board.o
    0x08003ca4   0x08003ca4   0x00000004   Code   RO         1159    i.RtcSetTimeout     rtc-board.o
    0x08003ca8   0x08003ca8   0x00000094   Code   RO         1160    i.RtcStartWakeUpAlarm  rtc-board.o
    0x08003d3c   0x08003d3c   0x00000094   Code   RO         5782    i.RxChainCalibration  sx1276.o
    0x08003dd0   0x08003dd0   0x0000001a   Code   RO         5453    i.SHT1X_Init        hal_temhum.o
    0x08003dea   0x08003dea   0x00000034   Code   RO         5454    i.SHT3X_CalcCrc     hal_temhum.o
    0x08003e1e   0x08003e1e   0x00000002   PAD
    0x08003e20   0x08003e20   0x00000020   Code   RO         5455    i.SHT3X_CalcHumidity  hal_temhum.o
    0x08003e40   0x08003e40   0x00000028   Code   RO         5456    i.SHT3X_CalcTemperature  hal_temhum.o
    0x08003e68   0x08003e68   0x00000020   Code   RO         5461    i.SHT3X_GetTempAndHumi  hal_temhum.o
    0x08003e88   0x08003e88   0x00000080   Code   RO         5462    i.SHT3X_GetTempAndHumiClkStretch  hal_temhum.o
    0x08003f08   0x08003f08   0x000000a0   Code   RO         5463    i.SHT3X_GetTempAndHumiPolling  hal_temhum.o
    0x08003fa8   0x08003fa8   0x00000018   Code   RO         5464    i.SHT3X_HardReset   hal_temhum.o
    0x08003fc0   0x08003fc0   0x00000024   Code   RO         5465    i.SHT3X_Init        hal_temhum.o
    0x08003fe4   0x08003fe4   0x0000004a   Code   RO         5466    i.SHT3X_Read2BytesAndCrc  hal_temhum.o
    0x0800402e   0x0800402e   0x00000024   Code   RO         5473    i.SHT3X_SoftReset   hal_temhum.o
    0x08004052   0x08004052   0x00000002   PAD
    0x08004054   0x08004054   0x00000020   Code   RO         5475    i.SHT3X_StartReadAccess  hal_temhum.o
    0x08004074   0x08004074   0x0000001c   Code   RO         5476    i.SHT3X_StartWriteAccess  hal_temhum.o
    0x08004090   0x08004090   0x00000016   Code   RO         5478    i.SHT3X_WriteCommand  hal_temhum.o
    0x080040a6   0x080040a6   0x0000004e   Code   RO         5479    i.SHT3x_ReadSerialNumber  hal_temhum.o
    0x080040f4   0x080040f4   0x0000001c   Code   RO         5480    i.SHTXX_Init        hal_temhum.o
    0x08004110   0x08004110   0x00000004   Code   RO         1313    i.SX1276CheckRfFrequency  sx1276-board.o
    0x08004114   0x08004114   0x00000014   Code   RO         1314    i.SX1276GetPaSelect  sx1276-board.o
    0x08004128   0x08004128   0x0000000c   Code   RO         5783    i.SX1276GetStatus   sx1276.o
    0x08004134   0x08004134   0x000001f8   Code   RO         5784    i.SX1276GetTimeOnAir  sx1276.o
    0x0800432c   0x0800432c   0x0000007c   Code   RO         5785    i.SX1276Init        sx1276.o
    0x080043a8   0x080043a8   0x00000040   Code   RO         1316    i.SX1276IoInit      sx1276-board.o
    0x080043e8   0x080043e8   0x00000028   Code   RO         1317    i.SX1276IoIrqInit   sx1276-board.o
    0x08004410   0x08004410   0x00000036   Code   RO         5786    i.SX1276IsChannelFree  sx1276.o
    0x08004446   0x08004446   0x00000002   PAD
    0x08004448   0x08004448   0x00000258   Code   RO         5787    i.SX1276OnDio0Irq   sx1276.o
    0x080046a0   0x080046a0   0x000000dc   Code   RO         5788    i.SX1276OnDio1Irq   sx1276.o
    0x0800477c   0x0800477c   0x000000e4   Code   RO         5789    i.SX1276OnTimeoutIrq  sx1276.o
    0x08004860   0x08004860   0x0000003e   Code   RO         5790    i.SX1276Random      sx1276.o
    0x0800489e   0x0800489e   0x00000010   Code   RO         5791    i.SX1276Read        sx1276.o
    0x080048ae   0x080048ae   0x00000002   PAD
    0x080048b0   0x080048b0   0x00000048   Code   RO         5792    i.SX1276ReadBuffer  sx1276.o
    0x080048f8   0x080048f8   0x0000000a   Code   RO         5793    i.SX1276ReadFifo    sx1276.o
    0x08004902   0x08004902   0x00000002   PAD
    0x08004904   0x08004904   0x00000044   Code   RO         5794    i.SX1276ReadRssi    sx1276.o
    0x08004948   0x08004948   0x0000003a   Code   RO         5795    i.SX1276Reset       sx1276.o
    0x08004982   0x08004982   0x00000002   PAD
    0x08004984   0x08004984   0x000000f8   Code   RO         5796    i.SX1276Send        sx1276.o
    0x08004a7c   0x08004a7c   0x00000002   Code   RO         1318    i.SX1276SetAntSw    sx1276-board.o
    0x08004a7e   0x08004a7e   0x00000002   PAD
    0x08004a80   0x08004a80   0x00000010   Code   RO         1319    i.SX1276SetAntSwLowPower  sx1276-board.o
    0x08004a90   0x08004a90   0x00000044   Code   RO         5797    i.SX1276SetChannel  sx1276.o
    0x08004ad4   0x08004ad4   0x00000034   Code   RO         5798    i.SX1276SetMaxPayloadLength  sx1276.o
    0x08004b08   0x08004b08   0x00000078   Code   RO         5799    i.SX1276SetModem    sx1276.o
    0x08004b80   0x08004b80   0x00000030   Code   RO         5800    i.SX1276SetOpMode   sx1276.o
    0x08004bb0   0x08004bb0   0x00000028   Code   RO         5801    i.SX1276SetPublicNetwork  sx1276.o
    0x08004bd8   0x08004bd8   0x000000a4   Code   RO         1320    i.SX1276SetRfTxPower  sx1276-board.o
    0x08004c7c   0x08004c7c   0x0000023c   Code   RO         5802    i.SX1276SetRx       sx1276.o
    0x08004eb8   0x08004eb8   0x00000294   Code   RO         5803    i.SX1276SetRxConfig  sx1276.o
    0x0800514c   0x0800514c   0x00000028   Code   RO         5804    i.SX1276SetSleep    sx1276.o
    0x08005174   0x08005174   0x00000028   Code   RO         5805    i.SX1276SetStby     sx1276.o
    0x0800519c   0x0800519c   0x000000a4   Code   RO         5806    i.SX1276SetTx       sx1276.o
    0x08005240   0x08005240   0x00000208   Code   RO         5807    i.SX1276SetTxConfig  sx1276.o
    0x08005448   0x08005448   0x00000098   Code   RO         5808    i.SX1276SetTxContinuousWave  sx1276.o
    0x080054e0   0x080054e0   0x00000040   Code   RO         5809    i.SX1276StartCad    sx1276.o
    0x08005520   0x08005520   0x0000000c   Code   RO         5810    i.SX1276Write       sx1276.o
    0x0800552c   0x0800552c   0x00000048   Code   RO         5811    i.SX1276WriteBuffer  sx1276.o
    0x08005574   0x08005574   0x0000000a   Code   RO         5812    i.SX1276WriteFifo   sx1276.o
    0x0800557e   0x0800557e   0x00000002   PAD
    0x08005580   0x08005580   0x00000038   Code   RO         5481    i.Serial_DataInOutInit  hal_temhum.o
    0x080055b8   0x080055b8   0x0000001c   Code   RO         5482    i.Serial_DelayUS    hal_temhum.o
    0x080055d4   0x080055d4   0x00000050   Code   RO         5483    i.Serial_Init       hal_temhum.o
    0x08005624   0x08005624   0x00000030   Code   RO         1264    i.SpiFormat         spi-board.o
    0x08005654   0x08005654   0x0000002c   Code   RO         1265    i.SpiFrequency      spi-board.o
    0x08005680   0x08005680   0x00000038   Code   RO         1266    i.SpiInOut          spi-board.o
    0x080056b8   0x080056b8   0x00000110   Code   RO         1267    i.SpiInit           spi-board.o
    0x080057c8   0x080057c8   0x0000000e   Code   RO          938    i.SysTick_Handler   board.o
    0x080057d6   0x080057d6   0x00000002   PAD
    0x080057d8   0x080057d8   0x0000009c   Code   RO          939    i.SystemClockConfig  board.o
    0x08005874   0x08005874   0x000000c8   Code   RO          940    i.SystemClockReConfig  board.o
    0x0800593c   0x0800593c   0x00000050   Code   RO         1629    i.SystemInit        system_stm32l1xx.o
    0x0800598c   0x0800598c   0x0000000c   Code   RO         1405    i.TIM2_IRQHandler   tim-board.o
    0x08005998   0x08005998   0x0000000c   Code   RO         1406    i.TIM3_IRQHandler   tim-board.o
    0x080059a4   0x080059a4   0x0000000c   Code   RO         1407    i.TIM4_IRQHandler   tim-board.o
    0x080059b0   0x080059b0   0x0000006c   Code   RO         4030    i.TIM_Base_SetConfig  stm32l1xx_hal_tim.o
    0x08005a1c   0x08005a1c   0x00000088   Code   RO         1408    i.Tim2McuInit       tim-board.o
    0x08005aa4   0x08005aa4   0x00000004   Code   RO          282    i.Time2Handler      timer_handles.o
    0x08005aa8   0x08005aa8   0x0000000e   Code   RO         6164    i.TimerInit         timer.o
    0x08005ab6   0x08005ab6   0x00000002   PAD
    0x08005ab8   0x08005ab8   0x00000024   Code   RO         6165    i.TimerInsertNewHeadTimer  timer.o
    0x08005adc   0x08005adc   0x00000050   Code   RO         6166    i.TimerInsertTimer  timer.o
    0x08005b2c   0x08005b2c   0x00000054   Code   RO         6167    i.TimerIrqHandler   timer.o
    0x08005b80   0x08005b80   0x00000020   Code   RO         6170    i.TimerSetTimeout   timer.o
    0x08005ba0   0x08005ba0   0x00000010   Code   RO         6171    i.TimerSetValue     timer.o
    0x08005bb0   0x08005bb0   0x00000060   Code   RO         6172    i.TimerStart        timer.o
    0x08005c10   0x08005c10   0x0000008c   Code   RO         6173    i.TimerStop         timer.o
    0x08005c9c   0x08005c9c   0x00000014   Code   RO         1536    i.USART1_GetFlagStatus  usart1-board.o
    0x08005cb0   0x08005cb0   0x00000038   Code   RO         1537    i.USART1_IRQHandler  usart1-board.o
    0x08005ce8   0x08005ce8   0x00000010   Code   RO         1542    i.USART1_ReceiveData  usart1-board.o
    0x08005cf8   0x08005cf8   0x00000002   Code   RO         5060    i.UsageFault_Handler  sysirqhandlers.o
    0x08005cfa   0x08005cfa   0x00000002   PAD
    0x08005cfc   0x08005cfc   0x00000020   Code   RO         6650    i.__0printf         mc_w.l(printfa.o)
    0x08005d1c   0x08005d1c   0x00000028   Code   RO         6652    i.__0sprintf        mc_w.l(printfa.o)
    0x08005d44   0x08005d44   0x0000000e   Code   RO         6751    i.__scatterload_copy  mc_w.l(handlers.o)
    0x08005d52   0x08005d52   0x00000002   Code   RO         6752    i.__scatterload_null  mc_w.l(handlers.o)
    0x08005d54   0x08005d54   0x0000000e   Code   RO         6753    i.__scatterload_zeroinit  mc_w.l(handlers.o)
    0x08005d62   0x08005d62   0x00000002   PAD
    0x08005d64   0x08005d64   0x00000184   Code   RO         6657    i._fp_digits        mc_w.l(printfa.o)
    0x08005ee8   0x08005ee8   0x000006b4   Code   RO         6658    i._printf_core      mc_w.l(printfa.o)
    0x0800659c   0x0800659c   0x00000024   Code   RO         6659    i._printf_post_padding  mc_w.l(printfa.o)
    0x080065c0   0x080065c0   0x0000002e   Code   RO         6660    i._printf_pre_padding  mc_w.l(printfa.o)
    0x080065ee   0x080065ee   0x0000000a   Code   RO         6662    i._sputc            mc_w.l(printfa.o)
    0x080065f8   0x080065f8   0x000000cc   Code   RO         5485    i.calc_sth11        hal_temhum.o
    0x080066c4   0x080066c4   0x00000040   Code   RO         5486    i.call_sht11        hal_temhum.o
    0x08006704   0x08006704   0x00000054   Code   RO         5487    i.call_sht1x        hal_temhum.o
    0x08006758   0x08006758   0x000000dc   Code   RO         6399    i.ceil              m_ws.l(ceil.o)
    0x08006834   0x08006834   0x000000dc   Code   RO         6403    i.floor             m_ws.l(floor.o)
    0x08006910   0x08006910   0x00000002   Code   RO         6266    i.fputc             uart.o
    0x08006912   0x08006912   0x00000004   Code   RO         5489    i.hal_temHumInit    hal_temhum.o
    0x08006916   0x08006916   0x00000002   PAD
    0x08006918   0x08006918   0x0000000c   Code   RO         5168    i.isKey2Pressed     hal_key.o
    0x08006924   0x08006924   0x0000000c   Code   RO         5169    i.isKey3Pressed     hal_key.o
    0x08006930   0x08006930   0x0000000c   Code   RO         5170    i.isKey4Pressed     hal_key.o
    0x0800693c   0x0800693c   0x0000001c   Code   RO          713    i.keyScanner        key_scaner.o
    0x08006958   0x08006958   0x00000044   Code   RO         5171    i.keys_init         hal_key.o
    0x0800699c   0x0800699c   0x0000003c   Code   RO            5    i.main              main.o
    0x080069d8   0x080069d8   0x00000014   Code   RO         5105    i.memcpy1           utilities.o
    0x080069ec   0x080069ec   0x000000f0   Code   RO            6    i.menu1             main.o
    0x08006adc   0x08006adc   0x000001c0   Code   RO            7    i.menu2             main.o
    0x08006c9c   0x08006c9c   0x000000c0   Code   RO            8    i.menu3             main.o
    0x08006d5c   0x08006d5c   0x0000005c   Code   RO            9    i.menu4             main.o
    0x08006db8   0x08006db8   0x0000000c   Code   RO         5174    i.resetKey2         hal_key.o
    0x08006dc4   0x08006dc4   0x0000000c   Code   RO         5175    i.resetKey3         hal_key.o
    0x08006dd0   0x08006dd0   0x0000000c   Code   RO         5176    i.resetKey4         hal_key.o
    0x08006ddc   0x08006ddc   0x00000094   Code   RO         6406    i.round             m_ws.l(round.o)
    0x08006e70   0x08006e70   0x00000050   Code   RO         5490    i.s_connectionreset  hal_temhum.o
    0x08006ec0   0x08006ec0   0x00000084   Code   RO         5491    i.s_measure         hal_temhum.o
    0x08006f44   0x08006f44   0x0000009c   Code   RO         5492    i.s_read_byte       hal_temhum.o
    0x08006fe0   0x08006fe0   0x00000010   Code   RO         5494    i.s_softreset       hal_temhum.o
    0x08006ff0   0x08006ff0   0x00000080   Code   RO         5495    i.s_transstart      hal_temhum.o
    0x08007070   0x08007070   0x00000098   Code   RO         5496    i.s_write_byte      hal_temhum.o
    0x08007108   0x08007108   0x000000e4   Code   RO         5177    i.scan_keys         hal_key.o
    0x080071ec   0x080071ec   0x00000024   Code   RO           10    i.sendMode          main.o
    0x08007210   0x08007210   0x0000000c   Code   RO         1411    i.setTimer2Callback  tim-board.o
    0x0800721c   0x0800721c   0x00000018   Data   RO         1162    .constdata          rtc-board.o
    0x08007234   0x08007234   0x0000005c   Data   RO         1323    .constdata          sx1276-board.o
    0x08007290   0x08007290   0x00000019   Data   RO         1630    .constdata          system_stm32l1xx.o
    0x080072a9   0x080072a9   0x00001330   Data   RO         5280    .constdata          hal_oled.o
    0x080085d9   0x080085d9   0x00000003   PAD
    0x080085dc   0x080085dc   0x000000e0   Data   RO         5814    .constdata          sx1276.o
    0x080086bc   0x080086bc   0x00000020   Data   RO         6749    Region$$Table       anon$$obj.o


    Execution Region RW_IRAM1 (Exec base: 0x20000000, Load base: 0x080086dc, Size: 0x00000ae8, Max: 0x00002800, ABSOLUTE)

    Exec Addr    Load Addr    Size         Type   Attr      Idx    E Section Name        Object

    0x20000000   0x080086dc   0x0000000c   Data   RW           11    .data               main.o
    0x2000000c   0x080086e8   0x0000000c   Data   RW          386    .data               adc_reader.o
    0x20000018   0x080086f4   0x00000004   Data   RW          599    .data               ns_radio.o
    0x2000001c   0x080086f8   0x00000004   Data   RW          714    .data               key_scaner.o
    0x20000020   0x080086fc   0x00000004   Data   RW          944    .data               board.o
    0x20000024   0x08008700   0x00000010   Data   RW         1163    .data               rtc-board.o
    0x20000034   0x08008710   0x00000001   Data   RW         1324    .data               sx1276-board.o
    0x20000035   0x08008711   0x00000003   PAD
    0x20000038   0x08008714   0x0000000c   Data   RW         1415    .data               tim-board.o
    0x20000044   0x08008720   0x00000006   Data   RW         1546    .data               usart1-board.o
    0x2000004a   0x08008726   0x00000002   PAD
    0x2000004c   0x08008728   0x00000004   Data   RW         1632    .data               system_stm32l1xx.o
    0x20000050   0x0800872c   0x00000004   Data   RW         1685    .data               stm32l1xx_hal.o
    0x20000054   0x08008730   0x0000000e   Data   RW         5178    .data               hal_key.o
    0x20000062   0x0800873e   0x00000002   Data   RW         5498    .data               hal_temhum.o
    0x20000064   0x08008740   0x00000010   Data   RW         5815    .data               sx1276.o
    0x20000074   0x08008750   0x00000001   Data   RW         5994    .data               adc.o
    0x20000075   0x08008751   0x00000003   PAD
    0x20000078   0x08008754   0x00000008   Data   RW         6174    .data               timer.o
    0x20000080   0x0800875c   0x00000004   Data   RW         6267    .data               uart.o
    0x20000084        -       0x00000018   Zero   RW          385    .bss                adc_reader.o
    0x2000009c        -       0x0000011b   Zero   RW          598    .bss                ns_radio.o
    0x200001b7   0x08008760   0x00000001   PAD
    0x200001b8        -       0x00000054   Zero   RW          888    .bss                adc-board.o
    0x2000020c        -       0x00000030   Zero   RW          941    .bss                board.o
    0x2000023c        -       0x00000040   Zero   RW         1051    .bss                gpio-board.o
    0x2000027c        -       0x00000034   Zero   RW         1161    .bss                rtc-board.o
    0x200002b0        -       0x000000a8   Zero   RW         1414    .bss                tim-board.o
    0x20000358        -       0x00000114   Zero   RW         1545    .bss                usart1-board.o
    0x2000046c        -       0x00000030   Zero   RW         5278    .bss                hal_oled.o
    0x2000049c        -       0x0000024c   Zero   RW         5813    .bss                sx1276.o
    0x200006e8        -       0x00000400   Zero   RW         1618    STACK               startup_stm32l151xb.o


==============================================================================

Image component sizes


      Code (inc. data)   RO Data    RW Data    ZI Data      Debug   Object Name

       344         30          0          0         84       2356   adc-board.o
        52         10          0          1          0       1551   adc.o
       144         24          0         12         24       1799   adc_reader.o
       626         48          0          4         48       4865   board.o
         0          0          0          0          0     129412   configs.o
         4          0          0          0          0        754   delay.o
       762         50          0          0         64       7247   gpio-board.o
        24          0          0          0          0       1838   gpio.o
       368         52          0         14          0       4565   hal_key.o
       802         22       4912          0         48       6769   hal_oled.o
      2756        182          0          2          0      29620   hal_temhum.o
        28          6          0          4          0        477   key_scaner.o
      1136        288          0         12          0     406950   main.o
       372         70          0          4        283       5046   ns_radio.o
      1528        134         24         16         52       9748   rtc-board.o
       420         22          0          0          0       3476   spi-board.o
        36          8        244          0       1024        836   startup_stm32l151xb.o
       162         30          0          4          0       5658   stm32l1xx_hal.o
      1486         60          0          0          0       8179   stm32l1xx_hal_adc.o
       228         14          0          0          0      29037   stm32l1xx_hal_cortex.o
       440         38          0          0          0       3634   stm32l1xx_hal_gpio.o
        16          6          0          0          0        544   stm32l1xx_hal_pwr_ex.o
      2612         82          0          0          0       6062   stm32l1xx_hal_rcc.o
       360         12          0          0          0       1448   stm32l1xx_hal_rcc_ex.o
      1028         26          0          0          0       8353   stm32l1xx_hal_rtc.o
       744         12          0          0          0       5254   stm32l1xx_hal_rtc_ex.o
         2          0          0          0          0        994   stm32l1xx_hal_spi.o
       122          0          0          0          0       1075   stm32l1xx_hal_spi_ex.o
       488         22          0          0          0       6066   stm32l1xx_hal_tim.o
       310         26         92          1          0       7895   sx1276-board.o
      5102        312        224         16        588      23068   sx1276.o
        10          0          0          0          0       2181   sysirqhandlers.o
        80         18         25          4          0       1255   system_stm32l1xx.o
       372        108          0         12        168       4423   tim-board.o
       498         32          0          8          0       5862   timer.o
         4          0          0          0          0        415   timer_handles.o
         2          0          0          4          0       2310   uart.o
        92         18          0          6        276       2549   usart1-board.o
        20          0          0          0          0       1050   utilities.o

    ----------------------------------------------------------------------
     23624       1762       5556        132       2660     744621   Object Totals
         0          0         32          0          0          0   (incl. Generated)
        44          0          3          8          1          0   (incl. Padding)

    ----------------------------------------------------------------------

      Code (inc. data)   RO Data    RW Data    ZI Data      Debug   Library Member Name

       220         16          0          0          0         84   ceil.o
       220         16          0          0          0         84   floor.o
       148         12          0          0          0         88   round.o
         0          0          0          0          0          0   entry.o
         0          0          0          0          0          0   entry10a.o
         0          0          0          0          0          0   entry11a.o
         4          0          0          0          0          0   entry12b.o
         8          4          0          0          0          0   entry2.o
         4          0          0          0          0          0   entry5.o
         0          0          0          0          0          0   entry7b.o
         0          0          0          0          0          0   entry8b.o
         8          4          0          0          0          0   entry9a.o
        30          0          0          0          0          0   handlers.o
        36          8          0          0          0         68   init.o
         0          0          0          0          0          0   iusefp.o
        30          0          0          0          0         68   llshl.o
        36          0          0          0          0         68   llsshr.o
        32          0          0          0          0         68   llushr.o
        36          0          0          0          0         68   memcpya.o
        36          0          0          0          0        108   memseta.o
      2268         96          0          0          0        616   printfa.o
        44          0          0          0          0         80   uidiv.o
        98          0          0          0          0         92   uldiv.o
        48          0          0          0          0         68   cdcmple.o
        48          0          0          0          0         68   cdrcmple.o
        56          0          0          0          0         88   d2f.o
       334          0          0          0          0        148   dadd.o
       222          0          0          0          0        100   ddiv.o
       186          0          0          0          0        176   depilogue.o
        62          0          0          0          0         80   dfixi.o
        50          0          0          0          0         76   dfixui.o
        48          0          0          0          0         68   dfixul.o
        34          0          0          0          0         76   dflti.o
        26          0          0          0          0         76   dfltui.o
       228          0          0          0          0         96   dmul.o
       136          4          0          0          0         92   drnd.o
        46          0          0          0          0         80   dscalb.o
        38          0          0          0          0         68   f2d.o
       176          0          0          0          0        140   fadd.o
       124          0          0          0          0         88   fdiv.o
       110          0          0          0          0        168   fepilogue.o
        10          0          0          0          0         68   ffltui.o
       100          0          0          0          0         76   fmul.o

    ----------------------------------------------------------------------
      5344        160          0          0          0       3392   Library Totals
         4          0          0          0          0          0   (incl. Padding)

    ----------------------------------------------------------------------

      Code (inc. data)   RO Data    RW Data    ZI Data      Debug   Library Name

       588         44          0          0          0        256   m_ws.l
      2670        112          0          0          0       1236   mc_w.l
      2082          4          0          0          0       1900   mf_w.l

    ----------------------------------------------------------------------
      5344        160          0          0          0       3392   Library Totals

    ----------------------------------------------------------------------

==============================================================================


      Code (inc. data)   RO Data    RW Data    ZI Data      Debug   

     28968       1922       5556        132       2660     733657   Grand Totals
     28968       1922       5556        132       2660     733657   ELF Image Totals
     28968       1922       5556        132          0          0   ROM Totals

==============================================================================

    Total RO  Size (Code + RO Data)                34524 (  33.71kB)
    Total RW  Size (RW Data + ZI Data)              2792 (   2.73kB)
    Total ROM Size (Code + RO Data + RW Data)      34656 (  33.84kB)

==============================================================================

